ARM Linker, 5.03 [Build 76] [MDK-ARM Standard]

==============================================================================

Section Cross References

    main.o(i.main) refers to stm32f10x_rcc.o(i.RCC_GetClocksFreq) for RCC_GetClocksFreq
    main.o(i.main) refers to sys.o(i.NVIC_Configuration) for NVIC_Configuration
    main.o(i.main) refers to delay.o(i.delay_init) for delay_init
    main.o(i.main) refers to rtc.o(i.RTC_Init) for RTC_Init
    main.o(i.main) refers to 24cxx.o(i.AT24CXX_Init) for AT24CXX_Init
    main.o(i.main) refers to dac.o(i.DAC1_Init) for DAC1_Init
    main.o(i.main) refers to led.o(i.LED_Init) for LED_Init
    main.o(i.main) refers to inventr.o(i.RELAY_Init) for RELAY_Init
    main.o(i.main) refers to cd4051b.o(i.CD4051B_Init) for CD4051B_Init
    main.o(i.main) refers to usart.o(i.TIM2_Init) for TIM2_Init
    main.o(i.main) refers to pwm.o(i.TIM5_Int_Init) for TIM5_Int_Init
    main.o(i.main) refers to usart.o(i.USART1_Init) for USART1_Init
    main.o(i.main) refers to usart.o(i.USART3_Init) for USART3_Init
    main.o(i.main) refers to usart.o(i.USART2_Init) for USART2_Init
    main.o(i.main) refers to uart4.o(i.UART4_Init) for UART4_Init
    main.o(i.main) refers to malloc.o(i.mem_init) for mem_init
    main.o(i.main) refers to sys.o(i.IWDG_Feed) for IWDG_Feed
    main.o(i.main) refers to common.o(i.ReadParametersFromEEPROM) for ReadParametersFromEEPROM
    main.o(i.main) refers to rtos_task.o(i.AppObjCreate) for AppObjCreate
    main.o(i.main) refers to rtos_task.o(i.AppTaskCreate) for AppTaskCreate
    main.o(i.main) refers to tasks.o(i.vTaskStartScheduler) for vTaskStartScheduler
    main.o(i.main) refers to delay.o(i.delay_ms) for delay_ms
    main.o(i.main) refers to main.o(.bss) for RCC_Clocks
    common.o(i.CRC16) refers to common.o(.data) for auchCRCHi
    common.o(i.CRC32) refers to common.o(.constdata) for crc32tab
    common.o(i.CopyStrToPointer) refers to malloc.o(i.mymalloc) for mymalloc
    common.o(i.CopyStrToPointer) refers to malloc.o(i.myfree) for myfree
    common.o(i.CopyStrToPointer) refers to rt_memclr.o(.text) for __aeabi_memclr
    common.o(i.CopyStrToPointer) refers to rt_memcpy_v6.o(.text) for __aeabi_memcpy
    common.o(i.GetIpAdderssFromMemory) refers to utils.o(i.nbiot_itoa) for nbiot_itoa
    common.o(i.GetIpAdderssFromMemory) refers to strcat.o(.text) for strcat
    common.o(i.GetIpAdderssFromMemory) refers to strlen.o(.text) for strlen
    common.o(i.GetIpAdderssFromMemory) refers to malloc.o(i.mymalloc) for mymalloc
    common.o(i.GetIpAdderssFromMemory) refers to rt_memclr.o(.text) for __aeabi_memclr
    common.o(i.GetIpAdderssFromMemory) refers to rt_memcpy_v6.o(.text) for __aeabi_memcpy
    common.o(i.GetIpAdderssFromMemory) refers to malloc.o(i.myfree) for myfree
    common.o(i.GetMemoryForSpecifyPointer) refers to malloc.o(i.mymalloc) for mymalloc
    common.o(i.GetMemoryForSpecifyPointer) refers to strlen.o(.text) for strlen
    common.o(i.GetMemoryForSpecifyPointer) refers to rt_memclr.o(.text) for __aeabi_memclr
    common.o(i.GetMemoryForSpecifyPointer) refers to rt_memcpy_v6.o(.text) for __aeabi_memcpy
    common.o(i.GetMemoryForSpecifyPointer) refers to malloc.o(i.myfree) for myfree
    common.o(i.GetMemoryForString) refers to common.o(i.GetDatBit) for GetDatBit
    common.o(i.GetMemoryForString) refers to malloc.o(i.mymalloc) for mymalloc
    common.o(i.GetMemoryForString) refers to strlen.o(.text) for strlen
    common.o(i.GetMemoryForString) refers to rt_memclr.o(.text) for __aeabi_memclr
    common.o(i.GetMemoryForString) refers to common.o(i.IntToString) for IntToString
    common.o(i.GetMemoryForString) refers to rt_memcpy_v6.o(.text) for __aeabi_memcpy
    common.o(i.GetMemoryForString) refers to malloc.o(i.myfree) for myfree
    common.o(i.GetPortFromMemory) refers to utils.o(i.nbiot_itoa) for nbiot_itoa
    common.o(i.GetPortFromMemory) refers to strcat.o(.text) for strcat
    common.o(i.GetPortFromMemory) refers to strlen.o(.text) for strlen
    common.o(i.GetPortFromMemory) refers to malloc.o(i.mymalloc) for mymalloc
    common.o(i.GetPortFromMemory) refers to rt_memclr.o(.text) for __aeabi_memclr
    common.o(i.GetPortFromMemory) refers to rt_memcpy_v6.o(.text) for __aeabi_memcpy
    common.o(i.GetPortFromMemory) refers to malloc.o(i.myfree) for myfree
    common.o(i.GetRTC_State) refers to rtc.o(.bss) for calendar
    common.o(i.GetSysTick100ms) refers to common.o(.data) for SysTick1ms
    common.o(i.GetSysTick10ms) refers to common.o(.data) for SysTick10ms
    common.o(i.GetSysTick1ms) refers to common.o(.data) for SysTick1ms
    common.o(i.GetSysTick1s) refers to common.o(.data) for SysTick1s
    common.o(i.IntToString) refers to common.o(i.GetDatBit) for GetDatBit
    common.o(i.IntToString) refers to common.o(i.GetADV) for GetADV
    common.o(i.LookUpMatchedEnergySivingMode) refers to common.o(.bss) for LampsParameters
    common.o(i.LookUpMatchedEnergySivingMode) refers to common.o(.data) for LampsRunMode
[...]
    register_cmd_handler                     0x0800f589   Thumb Code    14  at_cmd.o(i.register_cmd_handler)
    res_update                               0x0800f5ed   Thumb Code   188  task_net.o(i.res_update)
    ringbuf_clear                            0x0800f6b5   Thumb Code    20  ringbuf.o(i.ringbuf_clear)
    ringbuf_elements                         0x0800f6c9   Thumb Code    14  ringbuf.o(i.ringbuf_elements)
    ringbuf_init                             0x0800f6d7   Thumb Code    14  ringbuf.o(i.ringbuf_init)
    search_str                               0x0800f6e5   Thumb Code    36  common.o(i.search_str)
    unregister_all_things                    0x0800f709   Thumb Code    34  task_net.o(i.unregister_all_things)
    uxListRemove                             0x0800f731   Thumb Code    40  list.o(i.uxListRemove)
    uxTaskGetStackHighWaterMark              0x0800f759   Thumb Code    34  tasks.o(i.uxTaskGetStackHighWaterMark)
    vListInitialise                          0x0800f781   Thumb Code    26  list.o(i.vListInitialise)
    vListInitialiseItem                      0x0800f79b   Thumb Code     6  list.o(i.vListInitialiseItem)
    vListInsert                              0x0800f7a1   Thumb Code    52  list.o(i.vListInsert)
    vListInsertEnd                           0x0800f7d5   Thumb Code    24  list.o(i.vListInsertEnd)
    vPortEnterCritical                       0x0800f7ed   Thumb Code    86  port.o(i.vPortEnterCritical)
    vPortExitCritical                        0x0800f84d   Thumb Code    56  port.o(i.vPortExitCritical)
    vPortSetupTimerInterrupt                 0x0800f889   Thumb Code    26  port.o(i.vPortSetupTimerInterrupt)
    vTaskDelay                               0x0800f8a9   Thumb Code   120  tasks.o(i.vTaskDelay)
    vTaskHCI                                 0x0800f935   Thumb Code    72  task_hci.o(i.vTaskHCI)
    vTaskLED                                 0x0800f99d   Thumb Code   136  task_led.o(i.vTaskLED)
    vTaskMAIN                                0x0800fa31   Thumb Code   254  task_main.o(i.vTaskMAIN)
    vTaskMissedYield                         0x0800fb51   Thumb Code     8  tasks.o(i.vTaskMissedYield)
    vTaskNET                                 0x0800fb5d   Thumb Code   304  task_net.o(i.vTaskNET)
    vTaskPlaceOnEventList                    0x0800fd19   Thumb Code   108  tasks.o(i.vTaskPlaceOnEventList)
    vTaskPriorityInherit                     0x0800fd95   Thumb Code   164  tasks.o(i.vTaskPriorityInherit)
    vTaskSENSOR                              0x0800fe45   Thumb Code  2268  task_sensor.o(i.vTaskSENSOR)
    vTaskSetTimeOutState                     0x08010729   Thumb Code    38  tasks.o(i.vTaskSetTimeOutState)
    vTaskStartScheduler                      0x08010759   Thumb Code   100  tasks.o(i.vTaskStartScheduler)
    vTaskSuspendAll                          0x080107d5   Thumb Code    12  tasks.o(i.vTaskSuspendAll)
    vTaskSwitchContext                       0x080107e5   Thumb Code   118  tasks.o(i.vTaskSwitchContext)
    write_callback                           0x08010871   Thumb Code    28  task_net.o(i.write_callback)
    xPortStartScheduler                      0x080108a5   Thumb Code   140  port.o(i.xPortStartScheduler)
    xPortSysTickHandler                      0x08010945   Thumb Code    48  port.o(i.xPortSysTickHandler)
    xQueueCreateMutex                        0x08010979   Thumb Code    76  queue.o(i.xQueueCreateMutex)
    xQueueGenericCreate                      0x080109c5   Thumb Code   134  queue.o(i.xQueueGenericCreate)
    xQueueGenericReceive                     0x08010a4d   Thumb Code   418  queue.o(i.xQueueGenericReceive)
    xQueueGenericReset                       0x08010bf5   Thumb Code   144  queue.o(i.xQueueGenericReset)
    xQueueGenericSend                        0x08010c89   Thumb Code   408  queue.o(i.xQueueGenericSend)
    xTaskCheckForTimeOut                     0x08010e25   Thumb Code   132  tasks.o(i.xTaskCheckForTimeOut)
    xTaskGenericCreate                       0x08010eb1   Thumb Code   340  tasks.o(i.xTaskGenericCreate)
    xTaskGetSchedulerState                   0x08011021   Thumb Code    24  tasks.o(i.xTaskGetSchedulerState)
    xTaskIncrementTick                       0x08011041   Thumb Code   286  tasks.o(i.xTaskIncrementTick)
    xTaskPriorityDisinherit                  0x0801118d   Thumb Code   188  tasks.o(i.xTaskPriorityDisinherit)
    xTaskRemoveFromEventList                 0x08011255   Thumb Code   128  tasks.o(i.xTaskRemoveFromEventList)
    xTaskResumeAll                           0x080112ed   Thumb Code   224  tasks.o(i.xTaskResumeAll)
    _get_lc_ctype                            0x080113f1   Thumb Code    44  lc_ctype_c.o(locale$$code)
    _get_lc_numeric                          0x0801141d   Thumb Code    44  lc_numeric_c.o(locale$$code)
    __aeabi_d2f                              0x08011449   Thumb Code     0  d2f.o(x$fpl$d2f)
    _d2f                                     0x08011449   Thumb Code    98  d2f.o(x$fpl$d2f)
    __fpl_dcheck_NaN1                        0x080114ad   Thumb Code    10  dcheck1.o(x$fpl$dcheck1)
    __fpl_dcmp_Inf                           0x080114bd   Thumb Code    24  dcmpi.o(x$fpl$dcmpinf)
    __aeabi_cdcmpeq                          0x080114d5   Thumb Code     0  deqf.o(x$fpl$deqf)
    _dcmpeq                                  0x080114d5   Thumb Code   120  deqf.o(x$fpl$deqf)
    __aeabi_cdcmple                          0x0801154d   Thumb Code     0  dleqf.o(x$fpl$dleqf)
    _dcmple                                  0x0801154d   Thumb Code   120  dleqf.o(x$fpl$dleqf)
    __fpl_dcmple_InfNaN                      0x080115af   Thumb Code     0  dleqf.o(x$fpl$dleqf)
    __fpl_dnaninf                            0x080115c5   Thumb Code   156  dnaninf.o(x$fpl$dnaninf)
    __aeabi_cdrcmple                         0x08011661   Thumb Code     0  drleqf.o(x$fpl$drleqf)
    _drcmple                                 0x08011661   Thumb Code   108  drleqf.o(x$fpl$drleqf)
    __aeabi_fadd                             0x080116cd   Thumb Code     0  faddsub_clz.o(x$fpl$fadd)
    _fadd                                    0x080116cd   Thumb Code   196  faddsub_clz.o(x$fpl$fadd)
    __fpl_fcmp_Inf                           0x08011791   Thumb Code    24  fcmpi.o(x$fpl$fcmpinf)
    __aeabi_fdiv                             0x080117a9   Thumb Code     0  fdiv.o(x$fpl$fdiv)
    _fdiv                                    0x080117a9   Thumb Code   384  fdiv.o(x$fpl$fdiv)
    __aeabi_f2iz                             0x0801192d   Thumb Code     0  ffix.o(x$fpl$ffix)
    _ffix                                    0x0801192d   Thumb Code    54  ffix.o(x$fpl$ffix)
    __aeabi_f2uiz                            0x08011965   Thumb Code     0  ffixu.o(x$fpl$ffixu)
    _ffixu                                   0x08011965   Thumb Code    62  ffixu.o(x$fpl$ffixu)
    __aeabi_i2f                              0x080119a5   Thumb Code     0  fflt_clz.o(x$fpl$fflt)
    _fflt                                    0x080119a5   Thumb Code    48  fflt_clz.o(x$fpl$fflt)
    __aeabi_ui2f                             0x080119d5   Thumb Code     0  fflt_clz.o(x$fpl$ffltu)
    _ffltu                                   0x080119d5   Thumb Code    38  fflt_clz.o(x$fpl$ffltu)
    __aeabi_cfcmple                          0x080119fd   Thumb Code     0  fleqf.o(x$fpl$fleqf)
    _fcmple                                  0x080119fd   Thumb Code   104  fleqf.o(x$fpl$fleqf)
    __fpl_fcmple_InfNaN                      0x08011a4f   Thumb Code     0  fleqf.o(x$fpl$fleqf)
    __aeabi_fmul                             0x08011a65   Thumb Code     0  fmul.o(x$fpl$fmul)
    _fmul                                    0x08011a65   Thumb Code   258  fmul.o(x$fpl$fmul)
    __fpl_fnaninf                            0x08011b67   Thumb Code   140  fnaninf.o(x$fpl$fnaninf)
    __fpl_fretinf                            0x08011bf3   Thumb Code    10  fretinf.o(x$fpl$fretinf)
    __aeabi_cfrcmple                         0x08011bfd   Thumb Code     0  frleqf.o(x$fpl$frleqf)
    _frcmple                                 0x08011bfd   Thumb Code    98  frleqf.o(x$fpl$frleqf)
    __aeabi_fsub                             0x08011c61   Thumb Code     0  faddsub_clz.o(x$fpl$fsub)
    _fsub                                    0x08011c61   Thumb Code   234  faddsub_clz.o(x$fpl$fsub)
    _printf_fp_dec                           0x08011d4b   Thumb Code     4  printf1.o(x$fpl$printf1)
    __fpl_return_NaN                         0x08011d4f   Thumb Code   100  retnan.o(x$fpl$retnan)
    __ARM_scalbn                             0x08011db3   Thumb Code    92  scalbn.o(x$fpl$scalbn)
    _scanf_real                              0x08011e0f   Thumb Code     4  scanf1.o(x$fpl$scanf1)
    _scanf_hex_real                          0x08011e13   Thumb Code     4  scanf2.o(x$fpl$scanf2)
    _scanf_infnan                            0x08011e17   Thumb Code     4  scanf2.o(x$fpl$scanf2)
    __fpl_cmpreturn                          0x08011e1b   Thumb Code    48  trapv.o(x$fpl$trapveneer)
    __I$use$fp                               0x08011e4a   Number         0  usenofp.o(x$fpl$usenofp)
    table_week                               0x080126d8   Data          12  rtc.o(.constdata)
    mon_table                                0x080126e4   Data          12  rtc.o(.constdata)
    _monlen                                  0x08012b6d   Data          12  _monlen.o(.constdata)
    Region$$Table$$Base                      0x08012c10   Number         0  anon$$obj.o(Region$$Table)
    Region$$Table$$Limit                     0x08012c30   Number         0  anon$$obj.o(Region$$Table)
    __aeabi_HUGE_VAL                         0x08012c30   Data           0  fpconst.o(c$$dinf)
    __aeabi_HUGE_VALL                        0x08012c30   Data           0  fpconst.o(c$$dinf)
    __aeabi_INFINITY                         0x08012c30   Data           0  fpconst.o(c$$dinf)
    __dInf                                   0x08012c30   Data           0  fpconst.o(c$$dinf)
    __huge_val                               0x08012c30   Data           0  fpconst.o(c$$dinf)
    __ctype                                  0x08012c45   Data           0  lc_ctype_c.o(locale$$data)
    xMutex_IIC1                              0x20000200   Data           4  common.o(.data)
    xMutex_INVENTR                           0x20000204   Data           4  common.o(.data)
    xMutex_AT_COMMAND                        0x20000208   Data           4  common.o(.data)
    xMutex_STRATEGY                          0x2000020c   Data           4  common.o(.data)
    xMutex_EVENT_RECORD                      0x20000210   Data           4  common.o(.data)
    xQueue_sensor                            0x20000214   Data           4  common.o(.data)
    SysTick1ms                               0x20000218   Data           4  common.o(.data)
    SysTick10ms                              0x2000021c   Data           4  common.o(.data)
    SysTick100ms                             0x20000220   Data           4  common.o(.data)
    SysTick1s                                0x20000224   Data           4  common.o(.data)
    GetTimeOK                                0x20000228   Data           1  common.o(.data)
    ControlStrategy                          0x2000022c   Data           4  common.o(.data)
    NeedUpdateStrategyList                   0x20000230   Data           1  common.o(.data)
    DeviceReset                              0x20000231   Data           1  common.o(.data)
    ReConnectToServer                        0x20000232   Data           1  common.o(.data)
    SwitchMode                               0x20000233   Data           1  common.o(.data)
    LampsRunMode                             0x20000234   Data           6  common.o(.data)
    IlluminanceThreshold                     0x2000023a   Data           4  common.o(.data)
    SyncTime                                 0x2000023e   Data           7  common.o(.data)
    NB_ModulePara                            0x20000245   Data           8  common.o(.data)
    CalendarClock                            0x2000024d   Data           6  common.o(.data)
    xHandleTaskLED                           0x20000454   Data           4  task_led.o(.data)
    mem_used                                 0x20000458   Data           1  task_led.o(.data)
    LED_Satck                                0x2000045c   Data           4  task_led.o(.data)
    xHandleTaskHCI                           0x20000660   Data           4  task_hci.o(.data)
    HCI_Satck                                0x20000664   Data           4  task_hci.o(.data)
    InputCurrent                             0x20000868   Data           4  task_sensor.o(.data)
    InputVoltage                             0x2000086c   Data           4  task_sensor.o(.data)
    InputFreq                                0x20000870   Data           4  task_sensor.o(.data)
    InputPowerP                              0x20000874   Data           4  task_sensor.o(.data)
    InputPowerQ                              0x20000878   Data           4  task_sensor.o(.data)
    InputPowerS                              0x2000087c   Data           4  task_sensor.o(.data)
    InputEnergyP                             0x20000880   Data           4  task_sensor.o(.data)
    InputEnergyQ                             0x20000884   Data           4  task_sensor.o(.data)
    InputEnergyS                             0x20000888   Data           4  task_sensor.o(.data)
    PowerFactor                              0x2000088c   Data           4  task_sensor.o(.data)
    xHandleTaskSENSOR                        0x20000890   Data           4  task_sensor.o(.data)
    p_tSensorMsg                             0x20000894   Data           4  task_sensor.o(.data)
    SENSOR_Satck                             0x20000898   Data           4  task_sensor.o(.data)
    xHandleTaskNET                           0x20000a9c   Data           4  task_net.o(.data)
    p_tSensorMsgNet                          0x20000aa0   Data           4  task_net.o(.data)
    ConnectState                             0x20000aa4   Data           1  task_net.o(.data)
    dev                                      0x20000aa8   Data           4  task_net.o(.data)
    NET_Satck                                0x20000ab8   Data           4  task_net.o(.data)
    xHandleTaskMAIN                          0x20000cbc   Data           4  task_main.o(.data)
    MAIN_Satck                               0x20000cd0   Data           4  task_main.o(.data)
    SystemCoreClock                          0x20000cd4   Data           4  system_stm32f10x.o(.data)
    AHBPrescTable                            0x20000cd8   Data          16  system_stm32f10x.o(.data)
    Usart1RxCnt                              0x200012f8   Data           2  usart.o(.data)
    OldUsart1RxCnt                           0x200012fa   Data           2  usart.o(.data)
    Usart1FrameLen                           0x200012fc   Data           2  usart.o(.data)
    Usart1RecvEnd                            0x200012fe   Data           1  usart.o(.data)
    Usart1Busy                               0x200012ff   Data           1  usart.o(.data)
    Usart1SendLen                            0x20001300   Data           2  usart.o(.data)
    Usart1SendNum                            0x20001302   Data           2  usart.o(.data)
    Usart3RxCnt                              0x20001304   Data           2  usart.o(.data)
    OldUsart3RxCnt                           0x20001306   Data           2  usart.o(.data)
    Usart3FrameLen                           0x20001308   Data           2  usart.o(.data)
    Usart3RecvEnd                            0x2000130a   Data           1  usart.o(.data)
    Usart3Busy                               0x2000130b   Data           1  usart.o(.data)
    Usart3SendLen                            0x2000130c   Data           2  usart.o(.data)
    Usart3SendNum                            0x2000130e   Data           2  usart.o(.data)
    Usart2RxCnt                              0x20001310   Data           2  usart.o(.data)
    OldUsart2RxCnt                           0x20001312   Data           2  usart.o(.data)
    Usart2FrameLen                           0x20001314   Data           2  usart.o(.data)
    Usart2RecvEnd                            0x20001316   Data           1  usart.o(.data)
    Usart2Busy                               0x20001317   Data           1  usart.o(.data)
    Usart2SendLen                            0x20001318   Data           2  usart.o(.data)
    Usart2SendNum                            0x2000131a   Data           2  usart.o(.data)
    __stdout                                 0x20001320   Data           4  usart.o(.data)
    rsp_ok                                   0x20001524   Data           1  uart4.o(.data)
    dl_buf_id                                0x20001525   Data           1  uart4.o(.data)
    USARx_DMA                                0x20001534   Data          20  uart4.o(.data)
    USATx_DMA                                0x20001548   Data          20  uart4.o(.data)
    InventrBusy                              0x20001760   Data           1  inventr.o(.data)
    InventrDisable                           0x20001761   Data           1  inventr.o(.data)
    InventrInPutCurrent                      0x20001764   Data           4  inventr.o(.data)
    InventrInPutVoltage                      0x20001768   Data           4  inventr.o(.data)
    InventrOutPutCurrent                     0x2000176c   Data           4  inventr.o(.data)
    InventrOutPutVoltage                     0x20001770   Data           4  inventr.o(.data)
    flag                                     0x20001780   Data           1  dali.o(.data)
    bit_count                                0x20001781   Data           1  dali.o(.data)
    tick_count                               0x20001782   Data           2  dali.o(.data)
    bit_value                                0x20001784   Data           1  dali.o(.data)
    actual_val                               0x20001785   Data           1  dali.o(.data)
    former_val                               0x20001786   Data           1  dali.o(.data)
    recv_num                                 0x20001787   Data           1  dali.o(.data)
    send_num                                 0x20001788   Data           2  dali.o(.data)
    recv_ok                                  0x2000178a   Data           1  dali.o(.data)
    callback                                 0x200017bc   Data           4  at_cmd.o(.data)
    flag_ok                                  0x200017c0   Data           4  at_cmd.o(.data)
    result_ptr                               0x200017c4   Data           4  at_cmd.o(.data)
    bcxx_busy                                0x200019c8   Data           1  m53xx.o(.data)
    bcxx_imei                                0x200019cc   Data           4  m53xx.o(.data)
    BcxxBand                                 0x200019d0   Data           1  m53xx.o(.data)
    BcxxCsq                                  0x200019d2   Data           2  m53xx.o(.data)
    BcxxPci                                  0x200019d4   Data           2  m53xx.o(.data)
    BcxxRsrp                                 0x200019d6   Data           2  m53xx.o(.data)
    BcxxRsrq                                 0x200019d8   Data           2  m53xx.o(.data)
    BcxxRssi                                 0x200019da   Data           2  m53xx.o(.data)
    BcxxSnr                                  0x200019dc   Data           2  m53xx.o(.data)
    bcxx_init_ok                             0x200019de   Data           1  m53xx.o(.data)
    LogInOutState                            0x20001bf3   Data           1  net_protocol.o(.data)
    user_data_sign_in                        0x20001bf4   Data           8  net_protocol.o(.data)
    user_data_sign_out                       0x20001bfc   Data           8  net_protocol.o(.data)
    pipe                                     0x20001c04   Data           8  fifo.o(.data)
    mallco_dev                               0x20001c0c   Data          20  malloc.o(.data)
    pxCurrentTCB                             0x20001c2c   Data           4  tasks.o(.data)
    xSchedulerRunning                        0x20001c40   Data           4  tasks.o(.data)
    eepbuf                                   0x20001e68   Data         256  main.o(.bss)
    RCC_Clocks                               0x20001f68   Data          20  main.o(.bss)
    UpCommPortPara                           0x20001f7c   Data          10  common.o(.bss)
    ServerInfo                               0x20001f88   Data          36  common.o(.bss)
    EventRecordConf                          0x20001fac   Data          24  common.o(.bss)
    DeviceBaseInfo                           0x20001fc4   Data          24  common.o(.bss)
    EventDetectConf                          0x20001fdc   Data          21  common.o(.bss)
    RSA_PublicKey                            0x20001ff1   Data         257  common.o(.bss)
    LampsSwitchProject                       0x200020f2   Data        1468  common.o(.bss)
    LampsParameters                          0x200026ae   Data          14  common.o(.bss)
    EnergySavingMode                         0x200026bc   Data        3340  common.o(.bss)
    AppointmentControl                       0x200033c8   Data          18  common.o(.bss)
    RemoteControl                            0x200033dc   Data          16  common.o(.bss)
    CurrentControl                           0x200033ec   Data          16  common.o(.bss)
    DeviceInfo                               0x200033fc   Data         101  common.o(.bss)
    DeviceElectricPara                       0x20003461   Data          24  common.o(.bss)
    EventRecordList                          0x20003479   Data         515  common.o(.bss)
    FTP_ServerInfo                           0x2000367c   Data          52  common.o(.bss)
    FTP_FrameWareInfo                        0x200036b0   Data          12  common.o(.bss)
    LinkLayerDownPacketCarrier               0x200036c0   Data          16  task_net.o(.bss)
    LinkLayerUpPacketCarrier                 0x200036d0   Data          16  task_net.o(.bss)
    ContrastControl                          0x200036e0   Data          16  task_main.o(.bss)
    calendar                                 0x200036f0   Data          10  rtc.o(.bss)
    Usart1RxBuf                              0x200036fa   Data         256  usart.o(.bss)
    Usart1TxBuf                              0x200037fa   Data         256  usart.o(.bss)
    Usart3RxBuf                              0x200038fa   Data          16  usart.o(.bss)
    Usart3TxBuf                              0x2000390a   Data          16  usart.o(.bss)
    Usart2RxBuf                              0x2000391a   Data          64  usart.o(.bss)
    Usart2TxBuf                              0x2000395a   Data          64  usart.o(.bss)
    ring_fifo                                0x2000399c   Data          12  uart4.o(.bss)
    ring_fifo1                               0x200039a8   Data          12  uart4.o(.bss)
    rx_fifo                                  0x200039b4   Data         512  uart4.o(.bss)
    rx_fifo1                                 0x20003bb4   Data         512  uart4.o(.bss)
    cmd_tx_buff                              0x20003fb6   Data         512  m53xx.o(.bss)
    control_msg_in                           0x200041b8   Data          16  net_protocol.o(.bss)
    user_data_in                             0x200041c8   Data         252  net_protocol.o(.bss)
    control_msg_out                          0x200042c4   Data          16  net_protocol.o(.bss)
    user_data_out                            0x200042d4   Data         252  net_protocol.o(.bss)
    membase                                  0x200043d0   Data       28672  malloc.o(.bss)
    memmapbase                               0x2000b3d0   Data        1792  malloc.o(.bss)
    _random_number_data                      0x2000bbe8   Data         228  rand.o(.bss)
    __libspace_start                         0x2000bccc   Data          96  libspace.o(.bss)
    __temporary_stack_top$libspace           0x2000bd2c   Data           0  libspace.o(.bss)



==============================================================================

Memory Map of the image

  Image Entry point : 0x08000131

  Load Region LR_IROM1 (Base: 0x08000000, Size: 0x00014bcc, Max: 0x0001c000, ABSOLUTE, COMPRESSED[0x00012f60])

    Execution Region ER_IROM1 (Base: 0x08000000, Size: 0x00012d64, Max: 0x0001c000, ABSOLUTE)

    Base Addr    Size         Type   Attr      Idx    E Section Name        Object

    0x08000000   0x00000130   Data   RO         1070    RESET               startup_stm32f10x_hd.o
    0x08000130   0x00000008   Code   RO         6823  * !!!main             c_w.l(__main.o)
    0x08000138   0x00000034   Code   RO         7189    !!!scatter          c_w.l(__scatter.o)
    0x0800016c   0x00000064   Code   RO         7187    !!dclz77c           c_w.l(__dclz77c.o)
    0x080001d0   0x0000001c   Code   RO         7191    !!handler_zi        c_w.l(__scatter_zi.o)
    0x080001ec   0x00000000   Code   RO         6793    .ARM.Collect$$_printf_percent$$00000000  c_w.l(_printf_percent.o)
    0x080001ec   0x00000006   Code   RO         6792    .ARM.Collect$$_printf_percent$$00000003  c_w.l(_printf_f.o)
    0x080001f2   0x00000006   Code   RO         6791    .ARM.Collect$$_printf_percent$$00000009  c_w.l(_printf_d.o)
    0x080001f8   0x00000006   Code   RO         6790    .ARM.Collect$$_printf_percent$$00000014  c_w.l(_printf_s.o)
    0x080001fe   0x00000004   Code   RO         6902    .ARM.Collect$$_printf_percent$$00000017  c_w.l(_printf_percent_end.o)
    0x08000202   0x00000002   Code   RO         7060    .ARM.Collect$$libinit$$00000000  c_w.l(libinit.o)
    0x08000204   0x00000000   Code   RO         6907    .ARM.Collect$$libinit$$00000002  c_w.l(libinit2.o)
    0x08000204   0x00000000   Code   RO         6910    .ARM.Collect$$libinit$$00000008  c_w.l(libinit2.o)
    0x08000204   0x00000000   Code   RO         6912    .ARM.Collect$$libinit$$0000000A  c_w.l(libinit2.o)
    0x08000204   0x00000004   Code   RO         6913    .ARM.Collect$$libinit$$0000000B  c_w.l(libinit2.o)
    0x08000208   0x00000000   Code   RO         6914    .ARM.Collect$$libinit$$0000000C  c_w.l(libinit2.o)
    0x08000208   0x00000006   Code   RO         6915    .ARM.Collect$$libinit$$0000000D  c_w.l(libinit2.o)
    0x0800020e   0x00000000   Code   RO         6917    .ARM.Collect$$libinit$$0000000F  c_w.l(libinit2.o)
    0x0800020e   0x0000000c   Code   RO         6918    .ARM.Collect$$libinit$$00000010  c_w.l(libinit2.o)
    0x0800021a   0x00000000   Code   RO         6919    .ARM.Collect$$libinit$$00000011  c_w.l(libinit2.o)
    0x0800021a   0x00000000   Code   RO         6921    .ARM.Collect$$libinit$$00000013  c_w.l(libinit2.o)
    0x0800021a   0x0000000a   Code   RO         6922    .ARM.Collect$$libinit$$00000014  c_w.l(libinit2.o)
    0x08000224   0x00000000   Code   RO         6923    .ARM.Collect$$libinit$$00000015  c_w.l(libinit2.o)
    0x08000224   0x00000000   Code   RO         6925    .ARM.Collect$$libinit$$00000017  c_w.l(libinit2.o)
    0x08000224   0x00000000   Code   RO         6927    .ARM.Collect$$libinit$$00000019  c_w.l(libinit2.o)
    0x08000224   0x00000000   Code   RO         6929    .ARM.Collect$$libinit$$0000001B  c_w.l(libinit2.o)
    0x08000224   0x00000000   Code   RO         6931    .ARM.Collect$$libinit$$0000001D  c_w.l(libinit2.o)
    0x08000224   0x00000000   Code   RO         6933    .ARM.Collect$$libinit$$0000001F  c_w.l(libinit2.o)
    0x08000224   0x00000000   Code   RO         6935    .ARM.Collect$$libinit$$00000021  c_w.l(libinit2.o)
    0x08000224   0x00000000   Code   RO         6937    .ARM.Collect$$libinit$$00000023  c_w.l(libinit2.o)
    0x08000224   0x00000000   Code   RO         6941    .ARM.Collect$$libinit$$0000002A  c_w.l(libinit2.o)
    0x08000224   0x00000000   Code   RO         6943    .ARM.Collect$$libinit$$0000002C  c_w.l(libinit2.o)
    0x08000224   0x00000000   Code   RO         6945    .ARM.Collect$$libinit$$0000002E  c_w.l(libinit2.o)
    0x08000224   0x00000000   Code   RO         6947    .ARM.Collect$$libinit$$00000030  c_w.l(libinit2.o)
    0x08000224   0x00000002   Code   RO         6948    .ARM.Collect$$libinit$$00000031  c_w.l(libinit2.o)
    0x08000226   0x00000002   Code   RO         7122    .ARM.Collect$$libshutdown$$00000000  c_w.l(libshutdown.o)
    0x08000228   0x00000000   Code   RO         7147    .ARM.Collect$$libshutdown$$00000003  c_w.l(libshutdown2.o)
    0x08000228   0x00000000   Code   RO         7150    .ARM.Collect$$libshutdown$$00000006  c_w.l(libshutdown2.o)
    0x08000228   0x00000000   Code   RO         7153    .ARM.Collect$$libshutdown$$00000009  c_w.l(libshutdown2.o)
    0x08000228   0x00000000   Code   RO         7155    .ARM.Collect$$libshutdown$$0000000B  c_w.l(libshutdown2.o)
    0x08000228   0x00000000   Code   RO         7158    .ARM.Collect$$libshutdown$$0000000E  c_w.l(libshutdown2.o)
    0x08000228   0x00000002   Code   RO         7159    .ARM.Collect$$libshutdown$$0000000F  c_w.l(libshutdown2.o)
    0x0800022a   0x00000000   Code   RO         6885    .ARM.Collect$$rtentry$$00000000  c_w.l(rtentry.o)
    0x0800022a   0x00000000   Code   RO         6961    .ARM.Collect$$rtentry$$00000002  c_w.l(rtentry2.o)
    0x0800022a   0x00000006   Code   RO         6973    .ARM.Collect$$rtentry$$00000004  c_w.l(rtentry4.o)
    0x08000230   0x00000000   Code   RO         6963    .ARM.Collect$$rtentry$$00000009  c_w.l(rtentry2.o)
    0x08000230   0x00000004   Code   RO         6964    .ARM.Collect$$rtentry$$0000000A  c_w.l(rtentry2.o)
    0x08000234   0x00000000   Code   RO         6966    .ARM.Collect$$rtentry$$0000000C  c_w.l(rtentry2.o)
    0x08000234   0x00000008   Code   RO         6967    .ARM.Collect$$rtentry$$0000000D  c_w.l(rtentry2.o)
    0x0800023c   0x00000002   Code   RO         7063    .ARM.Collect$$rtexit$$00000000  c_w.l(rtexit.o)
    0x0800023e   0x00000000   Code   RO         7088    .ARM.Collect$$rtexit$$00000002  c_w.l(rtexit2.o)
    0x0800023e   0x00000004   Code   RO         7089    .ARM.Collect$$rtexit$$00000003  c_w.l(rtexit2.o)
    0x08000242   0x00000006   Code   RO         7090    .ARM.Collect$$rtexit$$00000004  c_w.l(rtexit2.o)
    0x08000248   0x000000a2   Code   RO         5723    .emb_text           port.o
    0x080002ea   0x00000002   PAD
    0x080002ec   0x00000034   Code   RO         6794    .emb_text           c_w.l(rand.o)
    0x08000320   0x00000040   Code   RO         1071    .text               startup_stm32f10x_hd.o
    0x08000360   0x00000002   Code   RO         6752    .text               c_w.l(use_no_semi_2.o)
    0x08000362   0x0000001e   Code   RO         6754    .text               c_w.l(toupper.o)
    0x08000380   0x00000018   Code   RO         6760    .text               c_w.l(noretval__2printf.o)
    0x08000398   0x00000028   Code   RO         6762    .text               c_w.l(noretval__2sprintf.o)
    0x080003c0   0x00000068   Code   RO         6764    .text               c_w.l(__printf.o)
    0x08000428   0x00000052   Code   RO         6766    .text               c_w.l(_printf_str.o)
    0x0800047a   0x00000002   PAD
    0x0800047c   0x00000078   Code   RO         6768    .text               c_w.l(_printf_dec.o)
    0x080004f4   0x0000003c   Code   RO         6795    .text               c_w.l(rand.o)
    0x08000530   0x00000024   Code   RO         6799    .text               c_w.l(strstr.o)
    0x08000554   0x00000058   Code   RO         6801    .text               c_w.l(memcmp.o)
    0x080005ac   0x00000048   Code   RO         6803    .text               c_w.l(strcpy.o)
    0x080005f4   0x0000003e   Code   RO         6805    .text               c_w.l(strlen.o)
    0x08000632   0x00000018   Code   RO         6807    .text               c_w.l(strcat.o)
    0x0800064a   0x0000008a   Code   RO         6809    .text               c_w.l(rt_memcpy_v6.o)
    0x080006d4   0x00000064   Code   RO         6811    .text               c_w.l(rt_memcpy_w.o)
    0x08000738   0x00000010   Code   RO         6813    .text               c_w.l(aeabi_memset.o)
    0x08000748   0x00000044   Code   RO         6815    .text               c_w.l(rt_memclr.o)
    0x0800078c   0x0000004e   Code   RO         6817    .text               c_w.l(rt_memclr_w.o)
    0x080007da   0x00000002   PAD
    0x080007dc   0x000001a4   Code   RO         6819    .text               c_w.l(mktime.o)
    0x08000980   0x00000006   Code   RO         6821    .text               c_w.l(heapauxi.o)
    0x08000986   0x00000002   Code   RO         6883    .text               c_w.l(use_no_semi.o)
    0x08000988   0x00000010   Code   RO         6886    .text               c_w.l(rt_ctype_table.o)
    0x08000998   0x00000016   Code   RO         6888    .text               c_w.l(_rserrno.o)
    0x080009ae   0x000000b8   Code   RO         6890    .text               c_w.l(_printf_intcommon.o)
    0x08000a66   0x00000420   Code   RO         6892    .text               c_w.l(_printf_fp_dec.o)
    0x08000e86   0x00000002   PAD
    0x08000e88   0x00000030   Code   RO         6894    .text               c_w.l(_printf_char_common.o)
    0x08000eb8   0x0000000a   Code   RO         6896    .text               c_w.l(_sputc.o)
    0x08000ec2   0x0000002c   Code   RO         6898    .text               c_w.l(_printf_char.o)
    0x08000eee   0x00000002   PAD
    0x08000ef0   0x00000024   Code   RO         6900    .text               c_w.l(_printf_char_file.o)
    0x08000f14   0x000000a0   Code   RO         6903    .text               c_w.l(strtod.o)
    0x08000fb4   0x00000008   Code   RO         6978    .text               c_w.l(rt_locale_intlibspace.o)
    0x08000fbc   0x00000008   Code   RO         6983    .text               c_w.l(rt_errno_addr_intlibspace.o)
    0x08000fc4   0x0000008a   Code   RO         6985    .text               c_w.l(lludiv10.o)
    0x0800104e   0x00000012   Code   RO         6987    .text               c_w.l(isspace.o)
    0x08001060   0x00000080   Code   RO         6989    .text               c_w.l(_printf_fp_infnan.o)
    0x080010e0   0x00000040   Code   RO         6993    .text               c_w.l(_sgetc.o)
    0x08001120   0x000000e4   Code   RO         6995    .text               c_w.l(bigflt0.o)
    0x08001204   0x00000008   Code   RO         7020    .text               c_w.l(ferror.o)
    0x0800120c   0x00000008   Code   RO         7040    .text               c_w.l(libspace.o)
    0x08001214   0x0000004a   Code   RO         7043    .text               c_w.l(sys_stackheap_outer.o)
    0x0800125e   0x00000002   PAD
    0x08001260   0x000004a4   Code   RO         7045    .text               c_w.l(scanf_fp.o)
    0x08001704   0x0000000c   Code   RO         7047    .text               c_w.l(exit.o)
    0x08001710   0x00000080   Code   RO         7049    .text               c_w.l(strcmpv7m.o)
    0x08001790   0x00000314   Code   RO         7096    .text               c_w.l(scanf_hexfp.o)
    0x08001aa4   0x0000013c   Code   RO         7098    .text               c_w.l(scanf_infnan.o)
    0x08001be0   0x00000026   Code   RO         7112    .text               c_w.l(llshl.o)
    0x08001c06   0x0000001c   Code   RO         7114    .text               c_w.l(_chval.o)
    0x08001c22   0x0000003e   Code   RO         6998    CL$$btod_d2e        c_w.l(btod.o)
    0x08001c60   0x00000046   Code   RO         7000    CL$$btod_d2e_denorm_low  c_w.l(btod.o)
    0x08001ca6   0x00000060   Code   RO         6999    CL$$btod_d2e_norm_op1  c_w.l(btod.o)
    0x08001d06   0x00000338   Code   RO         7008    CL$$btod_div_common  c_w.l(btod.o)
    0x0800203e   0x00000002   PAD
    0x08002040   0x00000054   Code   RO         7006    CL$$btod_e2d        c_w.l(btod.o)
    0x08002094   0x000000c6   Code   RO         7005    CL$$btod_e2e        c_w.l(btod.o)
    0x0800215a   0x00000028   Code   RO         7002    CL$$btod_ediv       c_w.l(btod.o)
    0x08002182   0x00000028   Code   RO         7004    CL$$btod_edivd      c_w.l(btod.o)
    0x080021aa   0x00000028   Code   RO         7001    CL$$btod_emul       c_w.l(btod.o)
    0x080021d2   0x00000028   Code   RO         7003    CL$$btod_emuld      c_w.l(btod.o)
    0x080021fa   0x00000244   Code   RO         7007    CL$$btod_mult_common  c_w.l(btod.o)
    0x0800243e   0x00000008   Code   RO         1623    i.AT24CXX_Init      24cxx.o
    0x08002446   0x00000002   PAD
    0x08002448   0x00000088   Code   RO         1626    i.AT24CXX_ReadOneByte  24cxx.o
    0x080024d0   0x000000a8   Code   RO         1629    i.AT24CXX_WriteOneByte  24cxx.o
    0x08002578   0x0000005c   Code   RO          697    i.AppObjCreate      rtos_task.o
    0x080025d4   0x000000f0   Code   RO          698    i.AppTaskCreate     rtos_task.o
    0x080026c4   0x00000048   Code   RO         1931    i.Att7059xGetChannel1PowerP  att7059x.o
    0x0800270c   0x00000048   Code   RO         1933    i.Att7059xGetChannel1PowerS  att7059x.o
    0x08002754   0x00000040   Code   RO         1934    i.Att7059xGetCurrent1  att7059x.o
    0x08002794   0x00000040   Code   RO         1940    i.Att7059xGetVoltage  att7059x.o
    0x080027d4   0x000000b8   Code   RO         1943    i.Att7059xReadOperate  att7059x.o
    0x0800288c   0x00000010   Code   RO         2603    i.BKP_DeInit        stm32f10x_bkp.o
    0x0800289c   0x0000001c   Code   RO         2608    i.BKP_ReadBackupRegister  stm32f10x_bkp.o
    0x080028b8   0x0000001c   Code   RO         2612    i.BKP_WriteBackupRegister  stm32f10x_bkp.o
    0x080028d4   0x00000004   Code   RO          951    i.BusFault_Handler  stm32f10x_it.o
    0x080028d8   0x0000002c   Code   RO         1913    i.CD4051B_Init      cd4051b.o
    0x08002904   0x0000004c   Code   RO          277    i.CRC16             common.o
    0x08002950   0x00000022   Code   RO         1945    i.CalAtt7059CheckSum  att7059x.o
    0x08002972   0x00000038   Code   RO         1000    i.CheckEventsEC28   event.o
    0x080029aa   0x00000002   PAD
    0x080029ac   0x00000224   Code   RO          915    i.CheckSwitchStatus  task_main.o
    0x08002bd0   0x00000098   Code   RO         5310    i.CombineCompleteFrame  net_protocol.o
    0x08002c68   0x000000c0   Code   RO         5311    i.CombineControlMsg  net_protocol.o
    0x08002d28   0x0000007c   Code   RO         5312    i.CombineDataUnitSign  net_protocol.o
    0x08002da4   0x000001c0   Code   RO         5313    i.CombineUserData   net_protocol.o
    0x08002f64   0x00000060   Code   RO         1605    i.DAC1_Init         dac.o
    0x08002fc4   0x00000028   Code   RO         2966    i.DAC_Cmd           stm32f10x_dac.o
    0x08002fec   0x00000034   Code   RO         2971    i.DAC_Init          stm32f10x_dac.o
    0x08003020   0x00000020   Code   RO         2972    i.DAC_SetChannel1Data  stm32f10x_dac.o
    0x08003040   0x00000018   Code   RO         3070    i.DMA_Cmd           stm32f10x_dma.o
    0x08003058   0x0000014c   Code   RO         3071    i.DMA_DeInit        stm32f10x_dma.o
    0x080031a4   0x00000008   Code   RO         3072    i.DMA_GetCurrDataCounter  stm32f10x_dma.o
    0x080031ac   0x0000003c   Code   RO         3076    i.DMA_Init          stm32f10x_dma.o
    0x080031e8   0x00000004   Code   RO         3077    i.DMA_SetCurrDataCounter  stm32f10x_dma.o
    0x080031ec   0x00000050   Code   RO         1606    i.Dac1SetOutPutVoltage  dac.o
    0x0800323c   0x00000002   Code   RO          952    i.DebugMon_Handler  stm32f10x_it.o
    0x0800323e   0x0000001a   Code   RO         1845    i.EXTI15_10_IRQHandler  dali.o
    0x08003258   0x0000000c   Code   RO         3141    i.EXTI_ClearITPendingBit  stm32f10x_exti.o
    0x08003264   0x00000028   Code   RO         3145    i.EXTI_GetITStatus  stm32f10x_exti.o
    0x0800328c   0x00000094   Code   RO         3146    i.EXTI_Init         stm32f10x_exti.o
    0x08003320   0x00000112   Code   RO         3494    i.GPIO_Init         stm32f10x_gpio.o
    0x08003432   0x00000002   PAD
    0x08003434   0x00000090   Code   RO         3496    i.GPIO_PinRemapConfig  stm32f10x_gpio.o
    0x080034c4   0x00000012   Code   RO         3498    i.GPIO_ReadInputDataBit  stm32f10x_gpio.o
    0x080034d6   0x00000004   Code   RO         3501    i.GPIO_ResetBits    stm32f10x_gpio.o
    0x080034da   0x00000004   Code   RO         3502    i.GPIO_SetBits      stm32f10x_gpio.o
    0x080034de   0x00000002   PAD
    0x080034e0   0x00000040   Code   RO         5314    i.GetControlMsgSign  net_protocol.o
    0x08003520   0x00000100   Code   RO          284    i.GetIpAdderssFromMemory  common.o
    0x08003620   0x0000007e   Code   RO          285    i.GetMemoryForSpecifyPointer  common.o
    0x0800369e   0x000000bc   Code   RO          287    i.GetPortFromMemory  common.o
    0x0800375a   0x00000002   PAD
    0x0800375c   0x00000018   Code   RO          288    i.GetRTC_State      common.o
    0x08003774   0x0000000c   Code   RO          292    i.GetSysTick1s      common.o
    0x08003780   0x000007f4   Code   RO         5315    i.GetUserData       net_protocol.o
    0x08003f74   0x0000005c   Code   RO         5316    i.GetUserDataSign   net_protocol.o
    0x08003fd0   0x00000028   Code   RO          953    i.HardFault_Handler  stm32f10x_it.o
    0x08003ff8   0x00000052   Code   RO          293    i.HexToStr          common.o
    0x0800404a   0x00000002   PAD
    0x0800404c   0x00000058   Code   RO         1229    i.IIC1_Ack          iic1.o
    0x080040a4   0x00000040   Code   RO         1230    i.IIC1_Init         iic1.o
    0x080040e4   0x00000058   Code   RO         1231    i.IIC1_NAck         iic1.o
    0x0800413c   0x00000078   Code   RO         1232    i.IIC1_Read_Byte    iic1.o
    0x080041b4   0x00000084   Code   RO         1233    i.IIC1_Send_Byte    iic1.o
    0x08004238   0x0000005c   Code   RO         1234    i.IIC1_Start        iic1.o
    0x08004294   0x00000058   Code   RO         1235    i.IIC1_Stop         iic1.o
    0x080042ec   0x00000074   Code   RO         1236    i.IIC1_Wait_Ack     iic1.o
    0x08004360   0x00000008   Code   RO         1205    i.IWDG_Feed         sys.o
    0x08004368   0x00000010   Code   RO         3808    i.IWDG_ReloadCounter  stm32f10x_iwdg.o
    0x08004378   0x00000138   Code   RO         1774    i.InventrSetLightLevel  inventr.o
    0x080044b0   0x00000032   Code   RO         1343    i.Is_Leap_Year      rtc.o
    0x080044e2   0x00000002   PAD
    0x080044e4   0x00000034   Code   RO         1759    i.LED_Init          led.o
    0x08004518   0x00000070   Code   RO          295    i.LookUpMatchedEnergySivingMode  common.o
    0x08004588   0x000005bc   Code   RO          916    i.LookUpStrategyList  task_main.o
    0x08004b44   0x0000008c   Code   RO         5317    i.MakeLogin_out_heartbeatFrame  net_protocol.o
    0x08004bd0   0x00000004   Code   RO          954    i.MemManage_Handler  stm32f10x_it.o
    0x08004bd4   0x00000040   Code   RO          296    i.MyStrstr          common.o
    0x08004c14   0x00000002   Code   RO          955    i.NMI_Handler       stm32f10x_it.o
    0x08004c16   0x000000fa   Code   RO         1207    i.NVIC_Configuration  sys.o
    0x08004d10   0x00000074   Code   RO         2343    i.NVIC_Init         misc.o
    0x08004d84   0x00000014   Code   RO         2344    i.NVIC_PriorityGroupConfig  misc.o
    0x08004d98   0x00000174   Code   RO         5318    i.NetDataFrameHandle  net_protocol.o
    0x08004f0c   0x00000014   Code   RO         1826    i.PWMSetLightLevel  pwm.o
    0x08004f20   0x0000000c   Code   RO         3848    i.PWR_BackupAccessCmd  stm32f10x_pwr.o
    0x08004f2c   0x00000020   Code   RO         3909    i.RCC_AHBPeriphClockCmd  stm32f10x_rcc.o
    0x08004f4c   0x00000020   Code   RO         3910    i.RCC_APB1PeriphClockCmd  stm32f10x_rcc.o
    0x08004f6c   0x00000020   Code   RO         3911    i.RCC_APB1PeriphResetCmd  stm32f10x_rcc.o
    0x08004f8c   0x00000020   Code   RO         3912    i.RCC_APB2PeriphClockCmd  stm32f10x_rcc.o
    0x08004fac   0x00000020   Code   RO         3913    i.RCC_APB2PeriphResetCmd  stm32f10x_rcc.o
    0x08004fcc   0x0000000c   Code   RO         3915    i.RCC_BackupResetCmd  stm32f10x_rcc.o
    0x08004fd8   0x000000d4   Code   RO         3920    i.RCC_GetClocksFreq  stm32f10x_rcc.o
    0x080050ac   0x0000003c   Code   RO         3921    i.RCC_GetFlagStatus  stm32f10x_rcc.o
    0x080050e8   0x00000034   Code   RO         3928    i.RCC_LSEConfig     stm32f10x_rcc.o
    0x0800511c   0x0000000c   Code   RO         3935    i.RCC_RTCCLKCmd     stm32f10x_rcc.o
    0x08005128   0x00000010   Code   RO         3936    i.RCC_RTCCLKConfig  stm32f10x_rcc.o
    0x08005138   0x00000038   Code   RO         1776    i.RELAY_Init        inventr.o
    0x08005170   0x00000010   Code   RO         4109    i.RTC_ClearITPendingBit  stm32f10x_rtc.o
    0x08005180   0x00000014   Code   RO         4110    i.RTC_EnterConfigMode  stm32f10x_rtc.o
    0x08005194   0x00000014   Code   RO         4111    i.RTC_ExitConfigMode  stm32f10x_rtc.o
    0x080051a8   0x000001d8   Code   RO         1344    i.RTC_Get           rtc.o
    0x08005380   0x00000014   Code   RO         4112    i.RTC_GetCounter    stm32f10x_rtc.o
    0x08005394   0x00000024   Code   RO         4115    i.RTC_GetITStatus   stm32f10x_rtc.o
    0x080053b8   0x00000078   Code   RO         1345    i.RTC_Get_Week      rtc.o
    0x08005430   0x00000030   Code   RO         1346    i.RTC_IRQHandler    rtc.o
    0x08005460   0x00000020   Code   RO         4116    i.RTC_ITConfig      stm32f10x_rtc.o
    0x08005480   0x000000d8   Code   RO         1347    i.RTC_Init          rtc.o
    0x08005558   0x000000cc   Code   RO         1348    i.RTC_Set           rtc.o
    0x08005624   0x0000001c   Code   RO         4118    i.RTC_SetCounter    stm32f10x_rtc.o
    0x08005640   0x00000020   Code   RO         4119    i.RTC_SetPrescaler  stm32f10x_rtc.o
    0x08005660   0x00000014   Code   RO         4120    i.RTC_WaitForLastTask  stm32f10x_rtc.o
    0x08005674   0x00000020   Code   RO         4121    i.RTC_WaitForSynchro  stm32f10x_rtc.o
    0x08005694   0x000000f4   Code   RO          297    i.ReadAppointmentControl  common.o
    0x08005788   0x00000066   Code   RO          298    i.ReadDataFromEepromToMemory  common.o
    0x080057ee   0x00000002   PAD
    0x080057f0   0x00000094   Code   RO          299    i.ReadDeviceBaseInfo  common.o
    0x08005884   0x00000048   Code   RO          300    i.ReadDeviceModel   common.o
    0x080058cc   0x0000021c   Code   RO          301    i.ReadEnergySavingMode  common.o
    0x08005ae8   0x000000d0   Code   RO          302    i.ReadEventDetectThreConf  common.o
    0x08005bb8   0x00000058   Code   RO          303    i.ReadEventDetectTimeConf  common.o
    0x08005c10   0x00000068   Code   RO          304    i.ReadEventRecordConf  common.o
    0x08005c78   0x00000150   Code   RO          305    i.ReadEventRecordList  common.o
    0x08005dc8   0x000000f0   Code   RO          306    i.ReadFTP_FrameWareInfo  common.o
    0x08005eb8   0x000003cc   Code   RO          307    i.ReadFTP_ServerInfo  common.o
    0x08006284   0x0000003c   Code   RO          308    i.ReadFactoryCode   common.o
    0x080062c0   0x00000048   Code   RO          309    i.ReadFactoryDeviceId  common.o
    0x08006308   0x00000048   Code   RO          310    i.ReadHardWareReleaseDate  common.o
    0x08006350   0x00000048   Code   RO          311    i.ReadHardWareVer   common.o
    0x08006398   0x00000050   Code   RO          312    i.ReadIlluminanceThreshold  common.o
    0x080063e8   0x0000003c   Code   RO          313    i.ReadLamosNumSupport  common.o
    0x08006424   0x000001ac   Code   RO          314    i.ReadLampsParameters  common.o
    0x080065d0   0x000000b8   Code   RO          315    i.ReadLampsRunMode  common.o
    0x08006688   0x000000dc   Code   RO          316    i.ReadLampsSwitchProject  common.o
    0x08006764   0x000000a0   Code   RO          317    i.ReadParametersFromEEPROM  common.o
    0x08006804   0x00000048   Code   RO          318    i.ReadProtocolVer   common.o
    0x0800684c   0x0000006c   Code   RO          319    i.ReadRSA_PublicKey  common.o
    0x080068b8   0x0000027c   Code   RO          320    i.ReadServerInfo    common.o
    0x08006b34   0x00000044   Code   RO          321    i.ReadSoftWareReleaseDate  common.o
    0x08006b78   0x00000048   Code   RO          322    i.ReadSoftWareVer   common.o
    0x08006bc0   0x00000030   Code   RO          323    i.ReadSwitchMode    common.o
    0x08006bf0   0x0000008c   Code   RO          324    i.ReadUpCommPortPara  common.o
    0x08006c7c   0x000000ec   Code   RO         1003    i.RecordEventsECx   event.o
    0x08006d68   0x00000096   Code   RO         5319    i.ResetFrameStruct  net_protocol.o
    0x08006dfe   0x00000002   PAD
    0x08006e00   0x00000044   Code   RO          325    i.ResetRemoteCurrentControl  common.o
    0x08006e44   0x00000100   Code   RO         2028    i.SendCmd           at_cmd.o
    0x08006f44   0x00000098   Code   RO         2029    i.SentData          at_cmd.o
    0x08006fdc   0x000000e0   Code   RO         1777    i.SetLightLevel     inventr.o
    0x080070bc   0x00000008   Code   RO         1075    i.SetSysClock       system_stm32f10x.o
    0x080070c4   0x000000dc   Code   RO         1076    i.SetSysClockTo72   system_stm32f10x.o
    0x080071a0   0x0000000c   Code   RO          326    i.SetSysTick1s      common.o
    0x080071ac   0x000000e0   Code   RO         5320    i.SplitDataUnitSign  net_protocol.o
    0x0800728c   0x00000050   Code   RO          327    i.StrToHex          common.o
    0x080072dc   0x00000018   Code   RO          328    i.StrategyListFree  common.o
    0x080072f4   0x00000034   Code   RO          329    i.StrategyListStateReset  common.o
    0x08007328   0x000000f0   Code   RO          843    i.SyncDataTimeFormBcxxModule  task_net.o
    0x08007418   0x00000104   Code   RO         1349    i.SyncTimeFromNet   rtc.o
    0x0800751c   0x00000010   Code   RO          331    i.SysTick100msAdder  common.o
    0x0800752c   0x00000010   Code   RO          332    i.SysTick10msAdder  common.o
    0x0800753c   0x00000010   Code   RO          333    i.SysTick1msAdder   common.o
    0x0800754c   0x00000028   Code   RO         2347    i.SysTick_CLKSourceConfig  misc.o
    0x08007574   0x00000018   Code   RO         1109    i.SysTick_Handler   delay.o
    0x0800758c   0x00000060   Code   RO         1078    i.SystemInit        system_stm32f10x.o
    0x080075ec   0x00000044   Code   RO         1399    i.TIM2_IRQHandler   usart.o
    0x08007630   0x0000003e   Code   RO         1400    i.TIM2_Init         usart.o
    0x0800766e   0x00000002   PAD
    0x08007670   0x00000098   Code   RO         1827    i.TIM5_Int_Init     pwm.o
    0x08007708   0x00000018   Code   RO         4532    i.TIM_ARRPreloadConfig  stm32f10x_tim.o
    0x08007720   0x00000006   Code   RO         4539    i.TIM_ClearITPendingBit  stm32f10x_tim.o
    0x08007726   0x00000018   Code   RO         4544    i.TIM_Cmd           stm32f10x_tim.o
    0x0800773e   0x0000001e   Code   RO         4546    i.TIM_CtrlPWMOutputs  stm32f10x_tim.o
    0x0800775c   0x00000022   Code   RO         4565    i.TIM_GetITStatus   stm32f10x_tim.o
    0x0800777e   0x00000012   Code   RO         4569    i.TIM_ITConfig      stm32f10x_tim.o
    0x08007790   0x000000a4   Code   RO         4578    i.TIM_OC2Init       stm32f10x_tim.o
    0x08007834   0x0000001a   Code   RO         4581    i.TIM_OC2PreloadConfig  stm32f10x_tim.o
    0x0800784e   0x00000004   Code   RO         4606    i.TIM_SetCompare2   stm32f10x_tim.o
    0x08007852   0x00000002   PAD
    0x08007854   0x000000a4   Code   RO         4615    i.TIM_TimeBaseInit  stm32f10x_tim.o
    0x080078f8   0x00000114   Code   RO         1548    i.UART4_IRQHandler  uart4.o
    0x08007a0c   0x00000148   Code   RO         1549    i.UART4_Init        uart4.o
    0x08007b54   0x00000064   Code   RO         1550    i.UART4_Write       uart4.o
    0x08007bb8   0x000000b4   Code   RO         1401    i.USART1_IRQHandler  usart.o
    0x08007c6c   0x00000094   Code   RO         1402    i.USART1_Init       usart.o
    0x08007d00   0x000000b4   Code   RO         1403    i.USART2_IRQHandler  usart.o
    0x08007db4   0x00000094   Code   RO         1404    i.USART2_Init       usart.o
    0x08007e48   0x000000b4   Code   RO         1405    i.USART3_IRQHandler  usart.o
    0x08007efc   0x000000a4   Code   RO         1406    i.USART3_Init       usart.o
    0x08007fa0   0x00000012   Code   RO         5076    i.USART_ClearFlag   stm32f10x_usart.o
    0x08007fb2   0x00000018   Code   RO         5080    i.USART_Cmd         stm32f10x_usart.o
    0x08007fca   0x00000012   Code   RO         5081    i.USART_DMACmd      stm32f10x_usart.o
    0x08007fdc   0x0000009c   Code   RO         5082    i.USART_DeInit      stm32f10x_usart.o
    0x08008078   0x0000001a   Code   RO         5083    i.USART_GetFlagStatus  stm32f10x_usart.o
    0x08008092   0x00000054   Code   RO         5084    i.USART_GetITStatus  stm32f10x_usart.o
    0x080080e6   0x0000004a   Code   RO         5086    i.USART_ITConfig    stm32f10x_usart.o
    0x08008130   0x000000d8   Code   RO         5087    i.USART_Init        stm32f10x_usart.o
    0x08008208   0x0000000a   Code   RO         5094    i.USART_ReceiveData  stm32f10x_usart.o
    0x08008212   0x00000008   Code   RO         5097    i.USART_SendData    stm32f10x_usart.o
    0x0800821a   0x00000002   PAD
    0x0800821c   0x000002ac   Code   RO          334    i.UpdateControlStrategyList  common.o
    0x080084c8   0x00000004   Code   RO          956    i.UsageFault_Handler  stm32f10x_it.o
    0x080084cc   0x00000064   Code   RO         1407    i.Usart1FrameSend   usart.o
    0x08008530   0x00000048   Code   RO         1408    i.Usart1ReciveFrameEnd  usart.o
    0x08008578   0x00000064   Code   RO         1409    i.Usart2FrameSend   usart.o
    0x080085dc   0x00000048   Code   RO         1410    i.Usart2ReciveFrameEnd  usart.o
    0x08008624   0x00000064   Code   RO         1411    i.Usart3FrameSend   usart.o
    0x08008688   0x00000048   Code   RO         1412    i.Usart3ReciveFrameEnd  usart.o
    0x080086d0   0x00000042   Code   RO         1413    i.UsartSendString   usart.o
    0x08008712   0x00000002   PAD
    0x08008714   0x00002f66   Code   RO         5321    i.UserDataUnitHandle  net_protocol.o
    0x0800b67a   0x0000005c   Code   RO          335    i.WriteDataFromMemoryToEeprom  common.o
    0x0800b6d6   0x00000028   Code   RO         7038    i.__ARM_fpclassify  m_ws.l(fpclassify.o)
    0x0800b6fe   0x00000002   PAD
    0x0800b700   0x00000010   Code   RO         7162    i.__mathlib_dbl_underflow  m_ws.l(dunder.o)
    0x0800b710   0x00000010   Code   RO         7080    i.__mathlib_narrow  m_ws.l(narrow.o)
    0x0800b720   0x00000088   Code   RO         7081    i.__mathlib_tofloat  m_ws.l(narrow.o)
    0x0800b7a8   0x00000016   Code   RO         7130    i.__support_ldexp   m_ws.l(ldexp.o)
    0x0800b7be   0x0000000e   Code   RO         6780    i._is_digit         c_w.l(__printf_wp.o)
    0x0800b7cc   0x00000006   Code   RO         1414    i._sys_exit         usart.o
    0x0800b7d2   0x00000002   PAD
    0x0800b7d4   0x0000008c   Code   RO          844    i.add_object_resource  task_net.o
    0x0800b860   0x0000002a   Code   RO         6880    i.atof              m_ws.l(atof.o)
    0x0800b88a   0x00000002   PAD
    0x0800b88c   0x000001ec   Code   RO         2058    i.bcxx_get_AT_NUESTATS  m53xx.o
    0x0800ba78   0x00000064   Code   RO          845    i.create_device     task_net.o
    0x0800badc   0x0000005c   Code   RO         1849    i.dali_receive_data  dali.o
    0x0800bb38   0x00000044   Code   RO         1110    i.delay_init        delay.o
    0x0800bb7c   0x00000044   Code   RO         1111    i.delay_ms          delay.o
    0x0800bbc0   0x00000008   Code   RO         1112    i.delay_osschedlock  delay.o
    0x0800bbc8   0x00000008   Code   RO         1113    i.delay_osschedunlock  delay.o
    0x0800bbd0   0x0000000c   Code   RO         1114    i.delay_ostimedly   delay.o
    0x0800bbdc   0x00000058   Code   RO         1115    i.delay_us          delay.o
    0x0800bc34   0x0000000c   Code   RO         6681    i.deregister_reply  registraction.o
    0x0800bc40   0x00000036   Code   RO         6465    i.device_free_nodes  nbiot.o
    0x0800bc76   0x00000038   Code   RO         6466    i.device_free_observes  nbiot.o
    0x0800bcae   0x00000028   Code   RO         6467    i.device_free_transactions  nbiot.o
    0x0800bcd6   0x00000002   PAD
    0x0800bcd8   0x000000d0   Code   RO          846    i.execute_callback  task_net.o
    0x0800bda8   0x00000068   Code   RO         5444    i.fifo_get          fifo.o
    0x0800be10   0x00000054   Code   RO         5445    i.fifo_init         fifo.o
    0x0800be64   0x0000006c   Code   RO         5446    i.fifo_put          fifo.o
    0x0800bed0   0x0000007a   Code   RO          336    i.find_str          common.o
    0x0800bf4a   0x00000002   PAD
    0x0800bf4c   0x0000001c   Code   RO         1415    i.fputc             usart.o
    0x0800bf68   0x00000058   Code   RO         7109    i.frexp             m_ws.l(frexp.o)
    0x0800bfc0   0x00000054   Code   RO          337    i.get_date_from_days  common.o
    0x0800c014   0x0000003a   Code   RO          338    i.get_dates_diff    common.o
    0x0800c04e   0x00000002   PAD
    0x0800c050   0x00000040   Code   RO          339    i.get_day_num       common.o
    0x0800c090   0x0000007e   Code   RO          340    i.get_str1          common.o
    0x0800c10e   0x00000078   Code   RO         6468    i.handle_execute    nbiot.o
    0x0800c186   0x00000036   Code   RO         6469    i.handle_observe    nbiot.o
    0x0800c1bc   0x00000070   Code   RO         6470    i.handle_read       nbiot.o
    0x0800c22c   0x000002a4   Code   RO         6471    i.handle_request    nbiot.o
    0x0800c4d0   0x00000438   Code   RO         6472    i.handle_transaction  nbiot.o
    0x0800c908   0x00000040   Code   RO         6473    i.handle_write      nbiot.o
    0x0800c948   0x00000054   Code   RO         2059    i.init_miplconf     m53xx.o
    0x0800c99c   0x00000018   Code   RO         2060    i.ip_SendData       m53xx.o
    0x0800c9b4   0x0000007e   Code   RO         7131    i.ldexp             m_ws.l(ldexp.o)
    0x0800ca32   0x00000002   PAD
    0x0800ca34   0x000000e8   Code   RO         2061    i.m53xx_addobj      m53xx.o
    0x0800cb1c   0x0000004c   Code   RO         2062    i.m53xx_close_request  m53xx.o
    0x0800cb68   0x00000064   Code   RO         2064    i.m53xx_delobj      m53xx.o
    0x0800cbcc   0x000000c0   Code   RO         2065    i.m53xx_discover_rsp  m53xx.o
    0x0800cc8c   0x000000a8   Code   RO         2066    i.m53xx_execute_rsp  m53xx.o
    0x0800cd34   0x0000006c   Code   RO         2067    i.m53xx_get_AT_CCLK  m53xx.o
    0x0800cda0   0x00000080   Code   RO         2069    i.m53xx_get_AT_CGSN  m53xx.o
    0x0800ce20   0x00000074   Code   RO         2070    i.m53xx_get_AT_CIMI  m53xx.o
    0x0800ce94   0x000000a4   Code   RO         2071    i.m53xx_get_AT_CSQ  m53xx.o
    0x0800cf38   0x00000078   Code   RO         2072    i.m53xx_get_AT_NCCID  m53xx.o
    0x0800cfb0   0x0000004c   Code   RO         2073    i.m53xx_hard_init   m53xx.o
    0x0800cffc   0x00000050   Code   RO         2074    i.m53xx_hard_reset  m53xx.o
    0x0800d04c   0x00000160   Code   RO         2075    i.m53xx_notify_upload  m53xx.o
    0x0800d1ac   0x00000194   Code   RO         2076    i.m53xx_read_upload  m53xx.o
    0x0800d340   0x0000009c   Code   RO         2077    i.m53xx_register_request  m53xx.o
    0x0800d3dc   0x00000094   Code   RO         2078    i.m53xx_register_update  m53xx.o
    0x0800d470   0x0000004c   Code   RO         2079    i.m53xx_set_AT_CEDRXS  m53xx.o
    0x0800d4bc   0x00000044   Code   RO         2080    i.m53xx_set_AT_CELL_RESELECTION  m53xx.o
    0x0800d500   0x00000048   Code   RO         2081    i.m53xx_set_AT_CEREG  m53xx.o
    0x0800d548   0x00000048   Code   RO         2082    i.m53xx_set_AT_CFUN  m53xx.o
    0x0800d590   0x00000048   Code   RO         2083    i.m53xx_set_AT_CGATT  m53xx.o
    0x0800d5d8   0x00000048   Code   RO         2084    i.m53xx_set_AT_CPSMS  m53xx.o
    0x0800d620   0x00000048   Code   RO         2085    i.m53xx_set_AT_CSCON  m53xx.o
    0x0800d668   0x000000a4   Code   RO         2087    i.m53xx_set_AT_NBAND  m53xx.o
    0x0800d70c   0x00000044   Code   RO         2091    i.m53xx_set_AT_NRB  m53xx.o
    0x0800d750   0x000000e4   Code   RO         2098    i.m53xx_set_NATSPEED  m53xx.o
    0x0800d834   0x000000a0   Code   RO         2099    i.m53xx_write_rsp   m53xx.o
    0x0800d8d4   0x00000094   Code   RO            1    i.main              main.o
    0x0800d968   0x00000048   Code   RO         5471    i.mem_free          malloc.o
    0x0800d9b0   0x0000002c   Code   RO         5472    i.mem_init          malloc.o
    0x0800d9dc   0x00000078   Code   RO         5473    i.mem_malloc        malloc.o
    0x0800da54   0x00000030   Code   RO         5474    i.mem_perused       malloc.o
    0x0800da84   0x0000002c   Code   RO         5414    i.memb_alloc        memb.o
    0x0800dab0   0x00000038   Code   RO         5415    i.memb_free         memb.o
    0x0800dae8   0x0000001c   Code   RO         5416    i.memb_init         memb.o
    0x0800db04   0x00000038   Code   RO         2100    i.mipl_generate     m53xx.o
    0x0800db3c   0x0000001c   Code   RO         5475    i.myfree            malloc.o
    0x0800db58   0x00000020   Code   RO         5476    i.mymalloc          malloc.o
    0x0800db78   0x00000014   Code   RO         5478    i.mymemset          malloc.o
    0x0800db8c   0x00000070   Code   RO         6379    i.nbiot_atoi        utils.o
    0x0800dbfc   0x0000002e   Code   RO         6380    i.nbiot_bufdup      utils.o
    0x0800dc2a   0x00000002   PAD
    0x0800dc2c   0x00000024   Code   RO         6310    i.nbiot_clear_environment  environment.o
    0x0800dc50   0x00000050   Code   RO         6682    i.nbiot_deregister  registraction.o
    0x0800dca0   0x0000007e   Code   RO         6474    i.nbiot_device_close  nbiot.o
    0x0800dd1e   0x000000e8   Code   RO         6475    i.nbiot_device_connect  nbiot.o
    0x0800de06   0x00000054   Code   RO         6476    i.nbiot_device_create  nbiot.o
    0x0800de5a   0x0000001e   Code   RO         6477    i.nbiot_device_destroy  nbiot.o
    0x0800de78   0x00000108   Code   RO         6478    i.nbiot_device_step  nbiot.o
    0x0800df80   0x0000000c   Code   RO         6337    i.nbiot_free        memory.o
    0x0800df8c   0x00000124   Code   RO         6479    i.nbiot_handle_buffer  nbiot.o
    0x0800e0b0   0x00000024   Code   RO         6311    i.nbiot_init_environment  environment.o
    0x0800e0d4   0x0000006a   Code   RO         6381    i.nbiot_itoa        utils.o
    0x0800e13e   0x00000036   Code   RO         6584    i.nbiot_list_add    nblist.o
    0x0800e174   0x00000056   Code   RO         6585    i.nbiot_list_del    nblist.o
    0x0800e1ca   0x00000018   Code   RO         6586    i.nbiot_list_free   nblist.o
    0x0800e1e2   0x0000001e   Code   RO         6587    i.nbiot_list_get    nblist.o
    0x0800e200   0x0000000c   Code   RO         6338    i.nbiot_malloc      memory.o
    0x0800e20c   0x00000020   Code   RO         6383    i.nbiot_memmove     utils.o
    0x0800e22c   0x00000018   Code   RO         6384    i.nbiot_memzero     utils.o
    0x0800e244   0x0000004c   Code   RO         6620    i.nbiot_node_find   node.o
    0x0800e290   0x000001d8   Code   RO         6621    i.nbiot_node_read   node.o
    0x0800e468   0x000000c8   Code   RO         6622    i.nbiot_node_write  node.o
    0x0800e530   0x0000010c   Code   RO         6480    i.nbiot_object_add  nbiot.o
    0x0800e63c   0x00000150   Code   RO         6644    i.nbiot_observe_add  observe.o
    0x0800e78c   0x000000be   Code   RO         6645    i.nbiot_observe_del  observe.o
    0x0800e84a   0x00000100   Code   RO         6646    i.nbiot_observe_step  observe.o
    0x0800e94a   0x00000002   PAD
    0x0800e94c   0x00000024   Code   RO         6385    i.nbiot_rand        utils.o
    0x0800e970   0x00000020   Code   RO         6481    i.nbiot_recv_buffer  nbiot.o
    0x0800e990   0x00000054   Code   RO         6683    i.nbiot_register_start  registraction.o
    0x0800e9e4   0x0000005a   Code   RO         6684    i.nbiot_register_step  registraction.o
    0x0800ea3e   0x00000002   PAD
    0x0800ea40   0x00000050   Code   RO         6685    i.nbiot_register_update  registraction.o
    0x0800ea90   0x00000132   Code   RO         6482    i.nbiot_resource_add  nbiot.o
    0x0800ebc2   0x0000014a   Code   RO         6484    i.nbiot_send_buffer  nbiot.o
    0x0800ed0c   0x0000000c   Code   RO         1116    i.nbiot_sleep       delay.o
    0x0800ed18   0x00000032   Code   RO         6386    i.nbiot_strdup      utils.o
    0x0800ed4a   0x00000012   Code   RO         6387    i.nbiot_strlen      utils.o
    0x0800ed5c   0x00000024   Code   RO         6389    i.nbiot_strncpy     utils.o
    0x0800ed80   0x00000014   Code   RO         1117    i.nbiot_time        delay.o
    0x0800ed94   0x00000070   Code   RO         6726    i.nbiot_transaction_add  transaction.o
    0x0800ee04   0x00000046   Code   RO         6727    i.nbiot_transaction_del  transaction.o
    0x0800ee4a   0x00000002   PAD
    0x0800ee4c   0x00000080   Code   RO         6728    i.nbiot_transaction_step  transaction.o
    0x0800eecc   0x0000003c   Code   RO         6358    i.nbiot_udp_recv    socket.o
    0x0800ef08   0x0000001a   Code   RO         6359    i.nbiot_udp_send    socket.o
    0x0800ef22   0x00000002   PAD
    0x0800ef24   0x0000010c   Code   RO         2101    i.netdev_init       m53xx.o
    0x0800f030   0x00000054   Code   RO         2102    i.netif_rx          m53xx.o
    0x0800f084   0x00000048   Code   RO         6647    i.observe_check     observe.o
    0x0800f0cc   0x0000005c   Code   RO         6648    i.observe_read      observe.o
    0x0800f128   0x00000054   Code   RO         5976    i.prvAddCurrentTaskToDelayedList  tasks.o
    0x0800f17c   0x00000042   Code   RO         5977    i.prvAllocateTCBAndStack  tasks.o
    0x0800f1be   0x00000002   PAD
    0x0800f1c0   0x00000064   Code   RO         5978    i.prvCheckTasksWaitingTermination  tasks.o
    0x0800f224   0x0000002a   Code   RO         5794    i.prvCopyDataFromQueue  queue.o
    0x0800f24e   0x00000080   Code   RO         5795    i.prvCopyDataToQueue  queue.o
    0x0800f2ce   0x00000012   Code   RO         5979    i.prvDeleteTCB      tasks.o
    0x0800f2e0   0x00000028   Code   RO         5980    i.prvIdleTask       tasks.o
    0x0800f308   0x00000062   Code   RO         5981    i.prvInitialiseTCBVariables  tasks.o
    0x0800f36a   0x00000002   PAD
    0x0800f36c   0x00000068   Code   RO         5982    i.prvInitialiseTaskLists  tasks.o
    0x0800f3d4   0x0000001a   Code   RO         5796    i.prvIsQueueEmpty   queue.o
    0x0800f3ee   0x0000001e   Code   RO         5797    i.prvIsQueueFull    queue.o
    0x0800f40c   0x00000034   Code   RO         5984    i.prvResetNextTaskUnblockTime  tasks.o
    0x0800f440   0x00000016   Code   RO         5985    i.prvTaskCheckFreeStackSpace  tasks.o
    0x0800f456   0x00000002   PAD
    0x0800f458   0x00000040   Code   RO         5724    i.prvTaskExitError  port.o
    0x0800f498   0x0000007e   Code   RO         5798    i.prvUnlockQueue    queue.o
    0x0800f516   0x00000002   PAD
    0x0800f518   0x00000020   Code   RO         5987    i.pvTaskIncrementMutexHeldCount  tasks.o
    0x0800f538   0x00000020   Code   RO         5725    i.pxPortInitialiseStack  port.o
    0x0800f558   0x00000030   Code   RO          847    i.read_callback     task_net.o
    0x0800f588   0x0000001c   Code   RO         2030    i.register_cmd_handler  at_cmd.o
    0x0800f5a4   0x00000024   Code   RO         6686    i.registraction_reply  registraction.o
    0x0800f5c8   0x00000024   Code   RO         6687    i.registraction_update_reply  registraction.o
    0x0800f5ec   0x000000c8   Code   RO          848    i.res_update        task_net.o
    0x0800f6b4   0x00000014   Code   RO         5539    i.ringbuf_clear     ringbuf.o
    0x0800f6c8   0x0000000e   Code   RO         5540    i.ringbuf_elements  ringbuf.o
    0x0800f6d6   0x0000000e   Code   RO         5542    i.ringbuf_init      ringbuf.o
    0x0800f6e4   0x00000024   Code   RO          343    i.search_str        common.o
    0x0800f708   0x00000028   Code   RO          849    i.unregister_all_things  task_net.o
    0x0800f730   0x00000028   Code   RO         5687    i.uxListRemove      list.o
    0x0800f758   0x00000028   Code   RO         5990    i.uxTaskGetStackHighWaterMark  tasks.o
    0x0800f780   0x0000001a   Code   RO         5688    i.vListInitialise   list.o
    0x0800f79a   0x00000006   Code   RO         5689    i.vListInitialiseItem  list.o
    0x0800f7a0   0x00000034   Code   RO         5690    i.vListInsert       list.o
    0x0800f7d4   0x00000018   Code   RO         5691    i.vListInsertEnd    list.o
    0x0800f7ec   0x00000060   Code   RO         5727    i.vPortEnterCritical  port.o
    0x0800f84c   0x0000003c   Code   RO         5728    i.vPortExitCritical  port.o
    0x0800f888   0x00000020   Code   RO         5729    i.vPortSetupTimerInterrupt  port.o
    0x0800f8a8   0x0000008c   Code   RO         5996    i.vTaskDelay        tasks.o
    0x0800f934   0x00000068   Code   RO          789    i.vTaskHCI          task_hci.o
    0x0800f99c   0x00000094   Code   RO          770    i.vTaskLED          task_led.o
    0x0800fa30   0x00000120   Code   RO          917    i.vTaskMAIN         task_main.o
    0x0800fb50   0x0000000c   Code   RO         6000    i.vTaskMissedYield  tasks.o
    0x0800fb5c   0x000001bc   Code   RO          850    i.vTaskNET          task_net.o
    0x0800fd18   0x0000007c   Code   RO         6002    i.vTaskPlaceOnEventList  tasks.o
    0x0800fd94   0x000000b0   Code   RO         6004    i.vTaskPriorityInherit  tasks.o
    0x0800fe44   0x000008e4   Code   RO          812    i.vTaskSENSOR       task_sensor.o
    0x08010728   0x00000030   Code   RO         6008    i.vTaskSetTimeOutState  tasks.o
    0x08010758   0x0000007c   Code   RO         6009    i.vTaskStartScheduler  tasks.o
    0x080107d4   0x00000010   Code   RO         6011    i.vTaskSuspendAll   tasks.o
    0x080107e4   0x0000008c   Code   RO         6012    i.vTaskSwitchContext  tasks.o
    0x08010870   0x00000034   Code   RO          851    i.write_callback    task_net.o
    0x080108a4   0x000000a0   Code   RO         5732    i.xPortStartScheduler  port.o
    0x08010944   0x00000034   Code   RO         5733    i.xPortSysTickHandler  port.o
    0x08010978   0x0000004c   Code   RO         5809    i.xQueueCreateMutex  queue.o
    0x080109c4   0x00000086   Code   RO         5810    i.xQueueGenericCreate  queue.o
    0x08010a4a   0x00000002   PAD
    0x08010a4c   0x000001a8   Code   RO         5811    i.xQueueGenericReceive  queue.o
    0x08010bf4   0x00000094   Code   RO         5812    i.xQueueGenericReset  queue.o
    0x08010c88   0x0000019c   Code   RO         5813    i.xQueueGenericSend  queue.o
    0x08010e24   0x0000008c   Code   RO         6013    i.xTaskCheckForTimeOut  tasks.o
    0x08010eb0   0x00000170   Code   RO         6014    i.xTaskGenericCreate  tasks.o
    0x08011020   0x00000020   Code   RO         6018    i.xTaskGetSchedulerState  tasks.o
    0x08011040   0x0000014c   Code   RO         6021    i.xTaskIncrementTick  tasks.o
    0x0801118c   0x000000c8   Code   RO         6024    i.xTaskPriorityDisinherit  tasks.o
    0x08011254   0x00000098   Code   RO         6025    i.xTaskRemoveFromEventList  tasks.o
    0x080112ec   0x00000104   Code   RO         6027    i.xTaskResumeAll    tasks.o
    0x080113f0   0x0000002c   Code   RO         7025    locale$$code        c_w.l(lc_ctype_c.o)
    0x0801141c   0x0000002c   Code   RO         7028    locale$$code        c_w.l(lc_numeric_c.o)
    0x08011448   0x00000062   Code   RO         6825    x$fpl$d2f           fz_ws.l(d2f.o)
    0x080114aa   0x00000002   PAD
    0x080114ac   0x00000010   Code   RO         7160    x$fpl$dcheck1       fz_ws.l(dcheck1.o)
    0x080114bc   0x00000018   Code   RO         7123    x$fpl$dcmpinf       fz_ws.l(dcmpi.o)
    0x080114d4   0x00000078   Code   RO         7104    x$fpl$deqf          fz_ws.l(deqf.o)
    0x0801154c   0x00000078   Code   RO         7125    x$fpl$dleqf         fz_ws.l(dleqf.o)
    0x080115c4   0x0000009c   Code   RO         6949    x$fpl$dnaninf       fz_ws.l(dnaninf.o)
    0x08011660   0x0000006c   Code   RO         7106    x$fpl$drleqf        fz_ws.l(drleqf.o)
    0x080116cc   0x000000c4   Code   RO         6847    x$fpl$fadd          fz_ws.l(faddsub_clz.o)
    0x08011790   0x00000018   Code   RO         6953    x$fpl$fcmpinf       fz_ws.l(fcmpi.o)
    0x080117a8   0x00000184   Code   RO         6854    x$fpl$fdiv          fz_ws.l(fdiv.o)
    0x0801192c   0x00000036   Code   RO         6857    x$fpl$ffix          fz_ws.l(ffix.o)
    0x08011962   0x00000002   PAD
    0x08011964   0x0000003e   Code   RO         6861    x$fpl$ffixu         fz_ws.l(ffixu.o)
    0x080119a2   0x00000002   PAD
    0x080119a4   0x00000030   Code   RO         6866    x$fpl$fflt          fz_ws.l(fflt_clz.o)
    0x080119d4   0x00000026   Code   RO         6865    x$fpl$ffltu         fz_ws.l(fflt_clz.o)
    0x080119fa   0x00000002   PAD
    0x080119fc   0x00000068   Code   RO         6871    x$fpl$fleqf         fz_ws.l(fleqf.o)
    0x08011a64   0x00000102   Code   RO         6873    x$fpl$fmul          fz_ws.l(fmul.o)
    0x08011b66   0x0000008c   Code   RO         6955    x$fpl$fnaninf       fz_ws.l(fnaninf.o)
    0x08011bf2   0x0000000a   Code   RO         6957    x$fpl$fretinf       fz_ws.l(fretinf.o)
    0x08011bfc   0x00000062   Code   RO         6875    x$fpl$frleqf        fz_ws.l(frleqf.o)
    0x08011c5e   0x00000002   PAD
    0x08011c60   0x000000ea   Code   RO         6849    x$fpl$fsub          fz_ws.l(faddsub_clz.o)
    0x08011d4a   0x00000004   Code   RO         6877    x$fpl$printf1       fz_ws.l(printf1.o)
    0x08011d4e   0x00000064   Code   RO         7181    x$fpl$retnan        fz_ws.l(retnan.o)
    0x08011db2   0x0000005c   Code   RO         7127    x$fpl$scalbn        fz_ws.l(scalbn.o)
    0x08011e0e   0x00000004   Code   RO         7036    x$fpl$scanf1        fz_ws.l(scanf1.o)
    0x08011e12   0x00000008   Code   RO         7074    x$fpl$scanf2        fz_ws.l(scanf2.o)
    0x08011e1a   0x00000030   Code   RO         7183    x$fpl$trapveneer    fz_ws.l(trapv.o)
    0x08011e4a   0x00000000   Code   RO         6959    x$fpl$usenofp       fz_ws.l(usenofp.o)
    0x08011e4a   0x00000002   PAD
    0x08011e4c   0x0000048b   Data   RO          853    .constdata          task_net.o
    0x080122d7   0x00000001   PAD
    0x080122d8   0x00000418   Data   RO         1351    .constdata          rtc.o
    0x080126f0   0x0000047d   Data   RO         2104    .constdata          m53xx.o
    0x08012b6d   0x0000000c   Data   RO         6905    .constdata          c_w.l(_monlen.o)
    0x08012b79   0x00000003   PAD
    0x08012b7c   0x00000094   Data   RO         6996    .constdata          c_w.l(bigflt0.o)
    0x08012c10   0x00000020   Data   RO         7185    Region$$Table       anon$$obj.o
    0x08012c30   0x00000008   Data   RO         7071    c$$dinf             fz_ws.l(fpconst.o)
    0x08012c38   0x00000110   Data   RO         7024    locale$$data        c_w.l(lc_ctype_c.o)
    0x08012d48   0x0000001c   Data   RO         7027    locale$$data        c_w.l(lc_numeric_c.o)


    Execution Region RW_IRAM1 (Base: 0x20000000, Size: 0x0000d530, Max: 0x00010000, ABSOLUTE, COMPRESSED[0x000001fc])

    Base Addr    Size         Type   Attr      Idx    E Section Name        Object

    0x20000000   0x00000253   Data   RW          346    .data               common.o
    0x20000253   0x00000001   PAD
    0x20000254   0x0000020c   Data   RW          772    .data               task_led.o
    0x20000460   0x00000208   Data   RW          791    .data               task_hci.o
    0x20000668   0x00000234   Data   RW          814    .data               task_sensor.o
    0x2000089c   0x00000220   Data   RW          854    .data               task_net.o
    0x20000abc   0x00000218   Data   RW          920    .data               task_main.o
    0x20000cd4   0x00000014   Data   RW         1079    .data               system_stm32f10x.o
    0x20000ce8   0x00000206   Data   RW         1119    .data               delay.o
    0x20000eee   0x00000002   PAD
    0x20000ef0   0x00000206   Data   RW         1352    .data               rtc.o
    0x200010f6   0x00000002   PAD
    0x200010f8   0x0000022c   Data   RW         1418    .data               usart.o
    0x20001324   0x00000239   Data   RW         1553    .data               uart4.o
    0x2000155d   0x00000003   PAD
    0x20001560   0x00000220   Data   RW         1779    .data               inventr.o
    0x20001780   0x0000000b   Data   RW         1854    .data               dali.o
    0x2000178b   0x00000001   PAD
    0x2000178c   0x00000030   Data   RW         1946    .data               att7059x.o
    0x200017bc   0x0000000c   Data   RW         2031    .data               at_cmd.o
    0x200017c8   0x00000217   Data   RW         2105    .data               m53xx.o
    0x200019df   0x00000014   Data   RW         3940    .data               stm32f10x_rcc.o
    0x200019f3   0x00000211   Data   RW         5324    .data               net_protocol.o
    0x20001c04   0x00000008   Data   RW         5447    .data               fifo.o
    0x20001c0c   0x00000014   Data   RW         5482    .data               malloc.o
    0x20001c20   0x0000000c   Data   RW         5734    .data               port.o
    0x20001c2c   0x00000038   Data   RW         6030    .data               tasks.o
    0x20001c64   0x00000201   Data   RW         6314    .data               environment.o
    0x20001e65   0x00000001   Data   RW         6391    .data               utils.o
    0x20001e66   0x00000002   PAD
    0x20001e68   0x00000114   Zero   RW            2    .bss                main.o
    0x20001f7c   0x00001740   Zero   RW          344    .bss                common.o
    0x200036bc   0x00000004   PAD
    0x200036c0   0x00000020   Zero   RW          852    .bss                task_net.o
    0x200036e0   0x00000010   Zero   RW          918    .bss                task_main.o
    0x200036f0   0x0000000a   Zero   RW         1350    .bss                rtc.o
    0x200036fa   0x000002a0   Zero   RW         1416    .bss                usart.o
    0x2000399a   0x00000002   PAD
    0x2000399c   0x0000061a   Zero   RW         1551    .bss                uart4.o
    0x20003fb6   0x00000200   Zero   RW         2103    .bss                m53xx.o
    0x200041b6   0x00000002   PAD
    0x200041b8   0x00000218   Zero   RW         5322    .bss                net_protocol.o
    0x200043d0   0x00007700   Zero   RW         5480    .bss                malloc.o
    0x2000bad0   0x00000118   Zero   RW         6029    .bss                tasks.o
    0x2000bbe8   0x000000e4   Zero   RW         6796    .bss                c_w.l(rand.o)
    0x2000bccc   0x00000060   Zero   RW         7041    .bss                c_w.l(libspace.o)
    0x2000bd2c   0x00000004   PAD
    0x2000bd30   0x00000200   Zero   RW         1069    HEAP                startup_stm32f10x_hd.o
    0x2000bf30   0x00001600   Zero   RW         1068    STACK               startup_stm32f10x_hd.o


==============================================================================

Image component sizes


      Code (inc. data)   RO Data    RW Data    ZI Data      Debug   Object Name

       312         18          0          0          0       1728   24cxx.o
       436         48          0         12          0       3378   at_cmd.o
       490         48          0         48          0       7949   att7059x.o
        44          6          0          0          0        471   cd4051b.o
      8096        440          0        595       5952      37164   common.o
         0          0          0          0          0         32   core_cm3.o
       176         18          0          0          0       1063   dac.o
       118         26          0         11          0       1413   dali.o
       308         30          0        518          0      10430   delay.o
        72         16          0        513          0       1151   environment.o
       292         12          0          0          0       1472   event.o
         0          0          0          0          0       9348   event_groups.o
       296         16          0          8          0       2553   fifo.o
       788         40          0          0          0       3918   iic1.o
       592         56          0        544          0       3959   inventr.o
        52          8          0          0          0        451   led.o
       148          0          0          0          0       2802   list.o
      4752       1062       1149        535        512      24385   m53xx.o
       148          6          0          0        276     321392   main.o
       364         32          0         20      30464       5062   malloc.o
       128          0          0          0          0       1909   memb.o
        24          0          0          0          0        944   memory.o
       176         24          0          0          0       1793   misc.o
      4220        392          0          0          0      15789   nbiot.o
       194          0          0          0          0       2669   nblist.o
     16128        596          0        529        536      25620   net_protocol.o
       748         12          0          0          0       3247   node.o
       946          0          0          0          0       4353   observe.o
       658         66          0         12          0       6556   port.o
       172         16          0          0          0       1151   pwm.o
      1546         14          0          0          0       9206   queue.o
       418         24          0          0          0       4876   registraction.o
        48          0          0          0          0       1674   ringbuf.o
      1370         56       1048        518         10       5576   rtc.o
       332        126          0          0          0      10737   rtos_task.o
        86         14          0          0          0       1666   socket.o
        64         26        304          0       6144        740   startup_stm32f10x_hd.o
        72         10          0          0          0       2420   stm32f10x_bkp.o
       124         18          0          0          0       2147   stm32f10x_dac.o
       428          8          0          0          0       4144   stm32f10x_dma.o
       200         18          0          0          0       1832   stm32f10x_exti.o
       444          6          0          0          0       4070   stm32f10x_gpio.o
        56          8          0          0          0       2393   stm32f10x_it.o
        16          6          0          0          0        409   stm32f10x_iwdg.o
        12          6          0          0          0        450   stm32f10x_pwr.o
       524         78          0         20          0       8048   stm32f10x_rcc.o
       256         48          0          0          0       4496   stm32f10x_rtc.o
       494         52          0          0          0       5793   stm32f10x_tim.o
       634         28          0          0          0       7153   stm32f10x_usart.o
       258          0          0          0          0        997   sys.o
       324         26          0         20          0       1957   system_stm32f10x.o
       104         32          0        520          0        774   task_hci.o
       148         12          0        524          0        879   task_led.o
      2304        118          0        536         16      19669   task_main.o
      1472        336       1163        544         32       6631   task_net.o
      2276        100          0        564          0       3219   task_sensor.o
      2920        374          0         56        280      19426   tasks.o
       310         12          0          0          0       2677   transaction.o
       704        126          0        569       1562       7771   uart4.o
      1746        210          0        556        672      18022   usart.o
       460          6          0          1          0       5540   utils.o

    ----------------------------------------------------------------------
     61084       4886       3697       7784      46464     669544   Object Totals
         0          0         32          0          0          0   (incl. Generated)
        56          0          1         11          8          0   (incl. Padding)

    ----------------------------------------------------------------------

      Code (inc. data)   RO Data    RW Data    ZI Data      Debug   Library Member Name

       100          0          0          0          0          0   __dclz77c.o
         8          0          0          0          0         68   __main.o
       104          0          0          0          0         84   __printf.o
        14          0          0          0          0         68   __printf_wp.o
        52          8          0          0          0          0   __scatter.o
        28          0          0          0          0          0   __scatter_zi.o
        28          0          0          0          0         68   _chval.o
         0          0         12          0          0          0   _monlen.o
        44          0          0          0          0        108   _printf_char.o
        48          6          0          0          0         96   _printf_char_common.o
        36          4          0          0          0         80   _printf_char_file.o
         6          0          0          0          0          0   _printf_d.o
       120         18          0          0          0         92   _printf_dec.o
         6          0          0          0          0          0   _printf_f.o
      1056          0          0          0          0        216   _printf_fp_dec.o
       128         16          0          0          0         84   _printf_fp_infnan.o
       184          0          0          0          0         88   _printf_intcommon.o
         0          0          0          0          0          0   _printf_percent.o
         4          0          0          0          0          0   _printf_percent_end.o
         6          0          0          0          0          0   _printf_s.o
        82          0          0          0          0         80   _printf_str.o
        22          0          0          0          0        100   _rserrno.o
        64          0          0          0          0         84   _sgetc.o
        10          0          0          0          0         68   _sputc.o
        16          0          0          0          0         68   aeabi_memset.o
       228          6        148          0          0         96   bigflt0.o
      2074        132          0          0          0        940   btod.o
        12          0          0          0          0         72   exit.o
         8          0          0          0          0         68   ferror.o
         6          0          0          0          0        152   heapauxi.o
        18          0          0          0          0         76   isspace.o
        44         10        272          0          0         76   lc_ctype_c.o
        44         10         28          0          0         76   lc_numeric_c.o
         2          0          0          0          0          0   libinit.o
        34          0          0          0          0          0   libinit2.o
         2          0          0          0          0          0   libshutdown.o
         2          0          0          0          0          0   libshutdown2.o
         8          4          0          0         96         68   libspace.o
        38          0          0          0          0         68   llshl.o
       138          0          0          0          0         80   lludiv10.o
        88          0          0          0          0         76   memcmp.o
       420          8          0          0          0        128   mktime.o
        24          4          0          0          0         84   noretval__2printf.o
        40          6          0          0          0         84   noretval__2sprintf.o
       112         18          0          0        228        160   rand.o
        16          4          0          0          0         76   rt_ctype_table.o
         8          4          0          0          0         68   rt_errno_addr_intlibspace.o
         8          4          0          0          0         68   rt_locale_intlibspace.o
        68          0          0          0          0         68   rt_memclr.o
        78          0          0          0          0         80   rt_memclr_w.o
       138          0          0          0          0         68   rt_memcpy_v6.o
       100          0          0          0          0         80   rt_memcpy_w.o
         0          0          0          0          0          0   rtentry.o
        12          0          0          0          0          0   rtentry2.o
         6          0          0          0          0          0   rtentry4.o
         2          0          0          0          0          0   rtexit.o
        10          0          0          0          0          0   rtexit2.o
      1188         12          0          0          0        148   scanf_fp.o
       788         12          0          0          0        100   scanf_hexfp.o
       316         18          0          0          0        100   scanf_infnan.o
        24          0          0          0          0         68   strcat.o
       128          0          0          0          0         68   strcmpv7m.o
        72          0          0          0          0         80   strcpy.o
        62          0          0          0          0         76   strlen.o
        36          0          0          0          0         80   strstr.o
       160         12          0          0          0        120   strtod.o
        74          0          0          0          0         80   sys_stackheap_outer.o
        30          0          0          0          0         76   toupper.o
         2          0          0          0          0         68   use_no_semi.o
         2          0          0          0          0         68   use_no_semi_2.o
        98          4          0          0          0         92   d2f.o
        16          4          0          0          0         68   dcheck1.o
        24          0          0          0          0         68   dcmpi.o
       120          4          0          0          0         92   deqf.o
       120          4          0          0          0         92   dleqf.o
       156          4          0          0          0         92   dnaninf.o
       108          0          0          0          0         80   drleqf.o
       430          8          0          0          0        168   faddsub_clz.o
        24          0          0          0          0         68   fcmpi.o
       388         76          0          0          0         96   fdiv.o
        54          4          0          0          0         84   ffix.o
        62          4          0          0          0         84   ffixu.o
        86          0          0          0          0        136   fflt_clz.o
       104          4          0          0          0         84   fleqf.o
       258          4          0          0          0         84   fmul.o
       140          4          0          0          0         84   fnaninf.o
         0          0          8          0          0          0   fpconst.o
        10          0          0          0          0         68   fretinf.o
        98          0          0          0          0         68   frleqf.o
         4          0          0          0          0         68   printf1.o
       100          0          0          0          0         68   retnan.o
        92          0          0          0          0         68   scalbn.o
         4          0          0          0          0         68   scanf1.o
         8          0          0          0          0         84   scanf2.o
        48          0          0          0          0         68   trapv.o
         0          0          0          0          0          0   usenofp.o
        42          0          0          0          0         84   atof.o
        16          6          0          0          0         68   dunder.o
        40          0          0          0          0         68   fpclassify.o
        88          8          0          0          0         76   frexp.o
       148          0          0          0          0        160   ldexp.o
       152          4          0          0          0        160   narrow.o

    ----------------------------------------------------------------------
     11904        460        471          0        328       8044   Library Totals
        30          2          3          0          4          0   (incl. Padding)

    ----------------------------------------------------------------------

      Code (inc. data)   RO Data    RW Data    ZI Data      Debug   Library Name

      8836        316        460          0        324       5396   c_w.l
      2552        124          8          0          0       2032   fz_ws.l
       486         18          0          0          0        616   m_ws.l

    ----------------------------------------------------------------------
     11904        460        471          0        328       8044   Library Totals

    ----------------------------------------------------------------------

==============================================================================


      Code (inc. data)   RO Data    RW Data    ZI Data      Debug   

     72988       5346       4168       7784      46792     652940   Grand Totals
     72988       5346       4168        508      46792     652940   ELF Image Totals (compressed)
     72988       5346       4168        508          0          0   ROM Totals

==============================================================================

    Total RO  Size (Code + RO Data)                77156 (  75.35kB)
    Total RW  Size (RW Data + ZI Data)             54576 (  53.30kB)
    Total ROM Size (Code + RO Data + RW Data)      77664 (  75.84kB)

==============================================================================

